Archive member included to satisfy reference by file (symbol)

C:/ST/STM32CubeIDE_1.18.1/STM32CubeIDE/plugins/com.st.stm32cube.ide.mcu.externaltools.gnu-tools-for-stm32.13.3.rel1.win32_1.0.0.202411081344/tools/bin/../lib/gcc/arm-none-eabi/13.3.1/../../../../arm-none-eabi/lib/thumb/v7e-m+fp/hard\libc_nano.a(libc_a-exit.o)
                              C:/ST/STM32CubeIDE_1.18.1/STM32CubeIDE/plugins/com.st.stm32cube.ide.mcu.externaltools.gnu-tools-for-stm32.13.3.rel1.win32_1.0.0.202411081344/tools/bin/../lib/gcc/arm-none-eabi/13.3.1/../../../../arm-none-eabi/lib/thumb/v7e-m+fp/hard/crt0.o (exit)
C:/ST/STM32CubeIDE_1.18.1/STM32CubeIDE/plugins/com.st.stm32cube.ide.mcu.externaltools.gnu-tools-for-stm32.13.3.rel1.win32_1.0.0.202411081344/tools/bin/../lib/gcc/arm-none-eabi/13.3.1/../../../../arm-none-eabi/lib/thumb/v7e-m+fp/hard\libc_nano.a(libc_a-findfp.o)
                              ./Middlewares/Third_Party/FreeRTOS/Source/tasks.o (__sf)
C:/ST/STM32CubeIDE_1.18.1/STM32CubeIDE/plugins/com.st.stm32cube.ide.mcu.externaltools.gnu-tools-for-stm32.13.3.rel1.win32_1.0.0.202411081344/tools/bin/../lib/gcc/arm-none-eabi/13.3.1/../../../../arm-none-eabi/lib/thumb/v7e-m+fp/hard\libc_nano.a(libc_a-fwalk.o)
                              C:/ST/STM32CubeIDE_1.18.1/STM32CubeIDE/plugins/com.st.stm32cube.ide.mcu.externaltools.gnu-tools-for-stm32.13.3.rel1.win32_1.0.0.202411081344/tools/bin/../lib/gcc/arm-none-eabi/13.3.1/../../../../arm-none-eabi/lib/thumb/v7e-m+fp/hard\libc_nano.a(libc_a-findfp.o) (_fwalk_sglue)
C:/ST/STM32CubeIDE_1.18.1/STM32CubeIDE/plugins/com.st.stm32cube.ide.mcu.externaltools.gnu-tools-for-stm32.13.3.rel1.win32_1.0.0.202411081344/tools/bin/../lib/gcc/arm-none-eabi/13.3.1/../../../../arm-none-eabi/lib/thumb/v7e-m+fp/hard\libc_nano.a(libc_a-printf.o)
                              ./Core/Src/main1_1_4_ex1.o (printf)
C:/ST/STM32CubeIDE_1.18.1/STM32CubeIDE/plugins/com.st.stm32cube.ide.mcu.externaltools.gnu-tools-for-stm32.13.3.rel1.win32_1.0.0.202411081344/tools/bin/../lib/gcc/arm-none-eabi/13.3.1/../../../../arm-none-eabi/lib/thumb/v7e-m+fp/hard\libc_nano.a(libc_a-stdio.o)
                              C:/ST/STM32CubeIDE_1.18.1/STM32CubeIDE/plugins/com.st.stm32cube.ide.mcu.externaltools.gnu-tools-for-stm32.13.3.rel1.win32_1.0.0.202411081344/tools/bin/../lib/gcc/arm-none-eabi/13.3.1/../../../../arm-none-eabi/lib/thumb/v7e-m+fp/hard\libc_nano.a(libc_a-findfp.o) (__sread)
C:/ST/STM32CubeIDE_1.18.1/STM32CubeIDE/plugins/com.st.stm32cube.ide.mcu.externaltools.gnu-tools-for-stm32.13.3.rel1.win32_1.0.0.202411081344/tools/bin/../lib/gcc/arm-none-eabi/13.3.1/../../../../arm-none-eabi/lib/thumb/v7e-m+fp/hard\libc_nano.a(libc_a-memset.o)
                              C:/ST/STM32CubeIDE_1.18.1/STM32CubeIDE/plugins/com.st.stm32cube.ide.mcu.externaltools.gnu-tools-for-stm32.13.3.rel1.win32_1.0.0.202411081344/tools/bin/../lib/gcc/arm-none-eabi/13.3.1/../../../../arm-none-eabi/lib/thumb/v7e-m+fp/hard/crt0.o (memset)
C:/ST/STM32CubeIDE_1.18.1/STM32CubeIDE/plugins/com.st.stm32cube.ide.mcu.externaltools.gnu-tools-for-stm32.13.3.rel1.win32_1.0.0.202411081344/tools/bin/../lib/gcc/arm-none-eabi/13.3.1/../../../../arm-none-eabi/lib/thumb/v7e-m+fp/hard\libc_nano.a(libc_a-closer.o)
                              C:/ST/STM32CubeIDE_1.18.1/STM32CubeIDE/plugins/com.st.stm32cube.ide.mcu.externaltools.gnu-tools-for-stm32.13.3.rel1.win32_1.0.0.202411081344/tools/bin/../lib/gcc/arm-none-eabi/13.3.1/../../../../arm-none-eabi/lib/thumb/v7e-m+fp/hard\libc_nano.a(libc_a-stdio.o) (_close_r)
C:/ST/STM32CubeIDE_1.18.1/STM32CubeIDE/plugins/com.st.stm32cube.ide.mcu.externaltools.gnu-tools-for-stm32.13.3.rel1.win32_1.0.0.202411081344/tools/bin/../lib/gcc/arm-none-eabi/13.3.1/../../../../arm-none-eabi/lib/thumb/v7e-m+fp/hard\libc_nano.a(libc_a-reent.o)
                              ./Middlewares/Third_Party/FreeRTOS/Source/tasks.o (_reclaim_reent)
C:/ST/STM32CubeIDE_1.18.1/STM32CubeIDE/plugins/com.st.stm32cube.ide.mcu.externaltools.gnu-tools-for-stm32.13.3.rel1.win32_1.0.0.202411081344/tools/bin/../lib/gcc/arm-none-eabi/13.3.1/../../../../arm-none-eabi/lib/thumb/v7e-m+fp/hard\libc_nano.a(libc_a-impure.o)
                              ./Middlewares/Third_Party/FreeRTOS/Source/tasks.o (_impure_ptr)
C:/ST/STM32CubeIDE_1.18.1/STM32CubeIDE/plugins/com.st.stm32cube.ide.mcu.externaltools.gnu-tools-for-stm32.13.3.rel1.win32_1.0.0.202411081344/tools/bin/../lib/gcc/arm-none-eabi/13.3.1/../../../../arm-none-eabi/lib/thumb/v7e-m+fp/hard\libc_nano.a(libc_a-lseekr.o)
                              C:/ST/STM32CubeIDE_1.18.1/STM32CubeIDE/plugins/com.st.stm32cube.ide.mcu.externaltools.gnu-tools-for-stm32.13.3.rel1.win32_1.0.0.202411081344/tools/bin/../lib/gcc/arm-none-eabi/13.3.1/../../../../arm-none-eabi/lib/thumb/v7e-m+fp/hard\libc_nano.a(libc_a-stdio.o) (_lseek_r)
[...]
Memory Configuration

Name             Origin             Length             Attributes
RAM              0x20000000         0x00020000         xrw
FLASH            0x08000000         0x00080000         xr
*default*        0x00000000         0xffffffff

Linker script and memory map

LOAD C:/ST/STM32CubeIDE_1.18.1/STM32CubeIDE/plugins/com.st.stm32cube.ide.mcu.externaltools.gnu-tools-for-stm32.13.3.rel1.win32_1.0.0.202411081344/tools/bin/../lib/gcc/arm-none-eabi/13.3.1/thumb/v7e-m+fp/hard/crti.o
LOAD C:/ST/STM32CubeIDE_1.18.1/STM32CubeIDE/plugins/com.st.stm32cube.ide.mcu.externaltools.gnu-tools-for-stm32.13.3.rel1.win32_1.0.0.202411081344/tools/bin/../lib/gcc/arm-none-eabi/13.3.1/thumb/v7e-m+fp/hard/crtbegin.o
LOAD C:/ST/STM32CubeIDE_1.18.1/STM32CubeIDE/plugins/com.st.stm32cube.ide.mcu.externaltools.gnu-tools-for-stm32.13.3.rel1.win32_1.0.0.202411081344/tools/bin/../lib/gcc/arm-none-eabi/13.3.1/../../../../arm-none-eabi/lib/thumb/v7e-m+fp/hard/crt0.o
LOAD ./Core/Src/PRNG_LFSR.o
LOAD ./Core/Src/atraso.o
LOAD ./Core/Src/freertos.o
LOAD ./Core/Src/main1_1_4_ex1.o
LOAD ./Core/Src/stm32f4xx_hal_msp.o
LOAD ./Core/Src/stm32f4xx_hal_timebase_tim.o
LOAD ./Core/Src/stm32f4xx_it.o
LOAD ./Core/Src/syscalls.o
LOAD ./Core/Src/sysmem.o
LOAD ./Core/Src/system_stm32f4xx.o
LOAD ./Core/Startup/startup_stm32f411ceux.o
LOAD ./Drivers/STM32F4xx_HAL_Driver/Src/stm32f4xx_hal.o
LOAD ./Drivers/STM32F4xx_HAL_Driver/Src/stm32f4xx_hal_cortex.o
LOAD ./Drivers/STM32F4xx_HAL_Driver/Src/stm32f4xx_hal_dma.o
LOAD ./Drivers/STM32F4xx_HAL_Driver/Src/stm32f4xx_hal_dma_ex.o
LOAD ./Drivers/STM32F4xx_HAL_Driver/Src/stm32f4xx_hal_exti.o
LOAD ./Drivers/STM32F4xx_HAL_Driver/Src/stm32f4xx_hal_flash.o
LOAD ./Drivers/STM32F4xx_HAL_Driver/Src/stm32f4xx_hal_flash_ex.o
LOAD ./Drivers/STM32F4xx_HAL_Driver/Src/stm32f4xx_hal_flash_ramfunc.o
LOAD ./Drivers/STM32F4xx_HAL_Driver/Src/stm32f4xx_hal_gpio.o
LOAD ./Drivers/STM32F4xx_HAL_Driver/Src/stm32f4xx_hal_pcd.o
LOAD ./Drivers/STM32F4xx_HAL_Driver/Src/stm32f4xx_hal_pcd_ex.o
LOAD ./Drivers/STM32F4xx_HAL_Driver/Src/stm32f4xx_hal_pwr.o
LOAD ./Drivers/STM32F4xx_HAL_Driver/Src/stm32f4xx_hal_pwr_ex.o
LOAD ./Drivers/STM32F4xx_HAL_Driver/Src/stm32f4xx_hal_rcc.o
LOAD ./Drivers/STM32F4xx_HAL_Driver/Src/stm32f4xx_hal_rcc_ex.o
LOAD ./Drivers/STM32F4xx_HAL_Driver/Src/stm32f4xx_hal_tim.o
LOAD ./Drivers/STM32F4xx_HAL_Driver/Src/stm32f4xx_hal_tim_ex.o
LOAD ./Drivers/STM32F4xx_HAL_Driver/Src/stm32f4xx_ll_usb.o
LOAD ./Middlewares/ST/STM32_USB_Device_Library/Class/CDC/Src/usbd_cdc.o
LOAD ./Middlewares/ST/STM32_USB_Device_Library/Core/Src/usbd_core.o
LOAD ./Middlewares/ST/STM32_USB_Device_Library/Core/Src/usbd_ctlreq.o
LOAD ./Middlewares/ST/STM32_USB_Device_Library/Core/Src/usbd_ioreq.o
LOAD ./Middlewares/Third_Party/FreeRTOS/Source/CMSIS_RTOS/cmsis_os.o
LOAD ./Middlewares/Third_Party/FreeRTOS/Source/croutine.o
LOAD ./Middlewares/Third_Party/FreeRTOS/Source/event_groups.o
LOAD ./Middlewares/Third_Party/FreeRTOS/Source/list.o
LOAD ./Middlewares/Third_Party/FreeRTOS/Source/queue.o
LOAD ./Middlewares/Third_Party/FreeRTOS/Source/stream_buffer.o
LOAD ./Middlewares/Third_Party/FreeRTOS/Source/tasks.o
LOAD ./Middlewares/Third_Party/FreeRTOS/Source/timers.o
LOAD ./Middlewares/Third_Party/FreeRTOS/Source/portable/GCC/ARM_CM4F/port.o
LOAD ./Middlewares/Third_Party/FreeRTOS/Source/portable/MemMang/heap_4.o
LOAD ./USB_DEVICE/App/usb_device.o
LOAD ./USB_DEVICE/App/usbd_cdc_if.o
LOAD ./USB_DEVICE/App/usbd_desc.o
LOAD ./USB_DEVICE/Target/usbd_conf.o
START GROUP
LOAD C:/ST/STM32CubeIDE_1.18.1/STM32CubeIDE/plugins/com.st.stm32cube.ide.mcu.externaltools.gnu-tools-for-stm32.13.3.rel1.win32_1.0.0.202411081344/tools/bin/../lib/gcc/arm-none-eabi/13.3.1/../../../../arm-none-eabi/lib/thumb/v7e-m+fp/hard\libc_nano.a
LOAD C:/ST/STM32CubeIDE_1.18.1/STM32CubeIDE/plugins/com.st.stm32cube.ide.mcu.externaltools.gnu-tools-for-stm32.13.3.rel1.win32_1.0.0.202411081344/tools/bin/../lib/gcc/arm-none-eabi/13.3.1/../../../../arm-none-eabi/lib/thumb/v7e-m+fp/hard\libm.a
END GROUP
START GROUP
LOAD C:/ST/STM32CubeIDE_1.18.1/STM32CubeIDE/plugins/com.st.stm32cube.ide.mcu.externaltools.gnu-tools-for-stm32.13.3.rel1.win32_1.0.0.202411081344/tools/bin/../lib/gcc/arm-none-eabi/13.3.1/thumb/v7e-m+fp/hard\libgcc.a
LOAD C:/ST/STM32CubeIDE_1.18.1/STM32CubeIDE/plugins/com.st.stm32cube.ide.mcu.externaltools.gnu-tools-for-stm32.13.3.rel1.win32_1.0.0.202411081344/tools/bin/../lib/gcc/arm-none-eabi/13.3.1/../../../../arm-none-eabi/lib/thumb/v7e-m+fp/hard\libc_nano.a
END GROUP
START GROUP
LOAD C:/ST/STM32CubeIDE_1.18.1/STM32CubeIDE/plugins/com.st.stm32cube.ide.mcu.externaltools.gnu-tools-for-stm32.13.3.rel1.win32_1.0.0.202411081344/tools/bin/../lib/gcc/arm-none-eabi/13.3.1/thumb/v7e-m+fp/hard\libgcc.a
LOAD C:/ST/STM32CubeIDE_1.18.1/STM32CubeIDE/plugins/com.st.stm32cube.ide.mcu.externaltools.gnu-tools-for-stm32.13.3.rel1.win32_1.0.0.202411081344/tools/bin/../lib/gcc/arm-none-eabi/13.3.1/../../../../arm-none-eabi/lib/thumb/v7e-m+fp/hard\libc_nano.a
LOAD C:/ST/STM32CubeIDE_1.18.1/STM32CubeIDE/plugins/com.st.stm32cube.ide.mcu.externaltools.gnu-tools-for-stm32.13.3.rel1.win32_1.0.0.202411081344/tools/bin/../lib/gcc/arm-none-eabi/13.3.1/../../../../arm-none-eabi/lib/thumb/v7e-m+fp/hard\libnosys.a
END GROUP
START GROUP
LOAD C:/ST/STM32CubeIDE_1.18.1/STM32CubeIDE/plugins/com.st.stm32cube.ide.mcu.externaltools.gnu-tools-for-stm32.13.3.rel1.win32_1.0.0.202411081344/tools/bin/../lib/gcc/arm-none-eabi/13.3.1/thumb/v7e-m+fp/hard\libgcc.a
LOAD C:/ST/STM32CubeIDE_1.18.1/STM32CubeIDE/plugins/com.st.stm32cube.ide.mcu.externaltools.gnu-tools-for-stm32.13.3.rel1.win32_1.0.0.202411081344/tools/bin/../lib/gcc/arm-none-eabi/13.3.1/../../../../arm-none-eabi/lib/thumb/v7e-m+fp/hard\libc_nano.a
LOAD C:/ST/STM32CubeIDE_1.18.1/STM32CubeIDE/plugins/com.st.stm32cube.ide.mcu.externaltools.gnu-tools-for-stm32.13.3.rel1.win32_1.0.0.202411081344/tools/bin/../lib/gcc/arm-none-eabi/13.3.1/../../../../arm-none-eabi/lib/thumb/v7e-m+fp/hard\libnosys.a
END GROUP
LOAD C:/ST/STM32CubeIDE_1.18.1/STM32CubeIDE/plugins/com.st.stm32cube.ide.mcu.externaltools.gnu-tools-for-stm32.13.3.rel1.win32_1.0.0.202411081344/tools/bin/../lib/gcc/arm-none-eabi/13.3.1/thumb/v7e-m+fp/hard/crtend.o
LOAD C:/ST/STM32CubeIDE_1.18.1/STM32CubeIDE/plugins/com.st.stm32cube.ide.mcu.externaltools.gnu-tools-for-stm32.13.3.rel1.win32_1.0.0.202411081344/tools/bin/../lib/gcc/arm-none-eabi/13.3.1/thumb/v7e-m+fp/hard/crtn.o
                0x20020000                        _estack = (ORIGIN (RAM) + LENGTH (RAM))
                0x00000200                        _Min_Heap_Size = 0x200
                0x00000400                        _Min_Stack_Size = 0x400

.isr_vector     0x08000000      0x198
                0x08000000                        . = ALIGN (0x4)
 *(.isr_vector)
 .isr_vector    0x08000000      0x198 ./Core/Startup/startup_stm32f411ceux.o
                0x08000000                g_pfnVectors
                0x08000198                        . = ALIGN (0x4)

.text           0x080001a0     0x9494
                0x080001a0                        . = ALIGN (0x4)
 *(.text)
 .text          0x080001a0       0x40 C:/ST/STM32CubeIDE_1.18.1/STM32CubeIDE/plugins/com.st.stm32cube.ide.mcu.externaltools.gnu-tools-for-stm32.13.3.rel1.win32_1.0.0.202411081344/tools/bin/../lib/gcc/arm-none-eabi/13.3.1/thumb/v7e-m+fp/hard/crtbegin.o
 .text          0x080001e0       0xa0 C:/ST/STM32CubeIDE_1.18.1/STM32CubeIDE/plugins/com.st.stm32cube.ide.mcu.externaltools.gnu-tools-for-stm32.13.3.rel1.win32_1.0.0.202411081344/tools/bin/../lib/gcc/arm-none-eabi/13.3.1/../../../../arm-none-eabi/lib/thumb/v7e-m+fp/hard\libc_nano.a(libc_a-memchr.o)
                0x080001e0                memchr
 .text          0x08000280       0x30 C:/ST/STM32CubeIDE_1.18.1/STM32CubeIDE/plugins/com.st.stm32cube.ide.mcu.externaltools.gnu-tools-for-stm32.13.3.rel1.win32_1.0.0.202411081344/tools/bin/../lib/gcc/arm-none-eabi/13.3.1/thumb/v7e-m+fp/hard\libgcc.a(_aeabi_uldivmod.o)
                0x08000280                __aeabi_uldivmod
 .text          0x080002b0      0x2f8 C:/ST/STM32CubeIDE_1.18.1/STM32CubeIDE/plugins/com.st.stm32cube.ide.mcu.externaltools.gnu-tools-for-stm32.13.3.rel1.win32_1.0.0.202411081344/tools/bin/../lib/gcc/arm-none-eabi/13.3.1/thumb/v7e-m+fp/hard\libgcc.a(_udivmoddi4.o)
                0x080002b0                __udivmoddi4
 .text          0x080005a8        0x4 C:/ST/STM32CubeIDE_1.18.1/STM32CubeIDE/plugins/com.st.stm32cube.ide.mcu.externaltools.gnu-tools-for-stm32.13.3.rel1.win32_1.0.0.202411081344/tools/bin/../lib/gcc/arm-none-eabi/13.3.1/thumb/v7e-m+fp/hard\libgcc.a(_dvmd_tls.o)
                0x080005a8                __aeabi_idiv0
                0x080005a8                __aeabi_ldiv0
 *(.text*)
 .text.atraso_ms
                0x080005ac       0x24 ./Core/Src/atraso.o
                0x080005ac                atraso_ms
 .text.vApplicationGetIdleTaskMemory
                0x080005d0       0x34 ./Core/Src/freertos.o
                0x080005d0                vApplicationGetIdleTaskMemory
 .text.vTask1   0x08000604       0x24 ./Core/Src/main1_1_4_ex1.o
 .text.vTask2   0x08000628       0x24 ./Core/Src/main1_1_4_ex1.o
 .text.main     0x0800064c       0x64 ./Core/Src/main1_1_4_ex1.o
                0x0800064c                main
 .text._write   0x080006b0       0x2a ./Core/Src/main1_1_4_ex1.o
                0x080006b0                _write
 *fill*         0x080006da        0x2 
 .text.SystemClock_Config
                0x080006dc       0xd0 ./Core/Src/main1_1_4_ex1.o
                0x080006dc                SystemClock_Config
 .text.MX_GPIO_Init
                0x080007ac       0xa4 ./Core/Src/main1_1_4_ex1.o
 .text.HAL_TIM_PeriodElapsedCallback
                0x08000850       0x24 ./Core/Src/main1_1_4_ex1.o
                0x08000850                HAL_TIM_PeriodElapsedCallback
 .text.Error_Handler
                0x08000874        0xc ./Core/Src/main1_1_4_ex1.o
                0x08000874                Error_Handler
 .text.HAL_MspInit
                0x08000880       0x58 ./Core/Src/stm32f4xx_hal_msp.o
                0x08000880                HAL_MspInit
 .text.HAL_InitTick
                0x080008d8       0xf8 ./Core/Src/stm32f4xx_hal_timebase_tim.o
                0x080008d8                HAL_InitTick
 .text.NMI_Handler
                0x080009d0        0x8 ./Core/Src/stm32f4xx_it.o
                0x080009d0                NMI_Handler
 .text.HardFault_Handler
                0x080009d8        0x8 ./Core/Src/stm32f4xx_it.o
                0x080009d8                HardFault_Handler
 .text.MemManage_Handler
                0x080009e0        0x8 ./Core/Src/stm32f4xx_it.o
                0x080009e0                MemManage_Handler
 .text.BusFault_Handler
                0x080009e8        0x8 ./Core/Src/stm32f4xx_it.o
                0x080009e8                BusFault_Handler
 .text.UsageFault_Handler
                0x080009f0        0x8 ./Core/Src/stm32f4xx_it.o
                0x080009f0                UsageFault_Handler
 .text.DebugMon_Handler
                0x080009f8        0xe ./Core/Src/stm32f4xx_it.o
                0x080009f8                DebugMon_Handler
 *fill*         0x08000a06        0x2 
 .text.TIM4_IRQHandler
                0x08000a08       0x14 ./Core/Src/stm32f4xx_it.o
                0x08000a08                TIM4_IRQHandler
 .text.OTG_FS_IRQHandler
                0x08000a1c       0x14 ./Core/Src/stm32f4xx_it.o
                0x08000a1c                OTG_FS_IRQHandler
 .text._read    0x08000a30       0x3a ./Core/Src/syscalls.o
                0x08000a30                _read
 .text._close   0x08000a6a       0x18 ./Core/Src/syscalls.o
                0x08000a6a                _close
 .text._fstat   0x08000a82       0x20 ./Core/Src/syscalls.o
                0x08000a82                _fstat
 .text._isatty  0x08000aa2       0x16 ./Core/Src/syscalls.o
                0x08000aa2                _isatty
 .text._lseek   0x08000ab8       0x1a ./Core/Src/syscalls.o
                0x08000ab8                _lseek
 *fill*         0x08000ad2        0x2 
 .text._sbrk    0x08000ad4       0x6c ./Core/Src/sysmem.o
                0x08000ad4                _sbrk
 .text.SystemInit
                0x08000b40       0x24 ./Core/Src/system_stm32f4xx.o
                0x08000b40                SystemInit
 .text.Reset_Handler
                0x08000b64       0x50 ./Core/Startup/startup_stm32f411ceux.o
                0x08000b64                Reset_Handler
 .text.Default_Handler
                0x08000bb4        0x2 ./Core/Startup/startup_stm32f411ceux.o
                0x08000bb4                RTC_Alarm_IRQHandler
                0x08000bb4                EXTI2_IRQHandler
                0x08000bb4                SPI4_IRQHandler
                0x08000bb4                TIM1_CC_IRQHandler
                0x08000bb4                DMA2_Stream5_IRQHandler
                0x08000bb4                DMA1_Stream5_IRQHandler
                0x08000bb4                PVD_IRQHandler
                0x08000bb4                SDIO_IRQHandler
                0x08000bb4                TAMP_STAMP_IRQHandler
                0x08000bb4                EXTI3_IRQHandler
                0x08000bb4                TIM1_UP_TIM10_IRQHandler
                0x08000bb4                I2C3_ER_IRQHandler
                0x08000bb4                EXTI0_IRQHandler
                0x08000bb4                I2C2_EV_IRQHandler
                0x08000bb4                DMA1_Stream2_IRQHandler
                0x08000bb4                FPU_IRQHandler
                0x08000bb4                DMA2_Stream2_IRQHandler
                0x08000bb4                SPI1_IRQHandler
                0x08000bb4                TIM1_BRK_TIM9_IRQHandler
                0x08000bb4                DMA2_Stream3_IRQHandler
                0x08000bb4                USART6_IRQHandler
                0x08000bb4                DMA2_Stream0_IRQHandler
                0x08000bb4                I2C1_EV_IRQHandler
                0x08000bb4                DMA1_Stream6_IRQHandler
                0x08000bb4                DMA1_Stream1_IRQHandler
                0x08000bb4                TIM3_IRQHandler
                0x08000bb4                RCC_IRQHandler
                0x08000bb4                Default_Handler
                0x08000bb4                EXTI15_10_IRQHandler
                0x08000bb4                ADC_IRQHandler
                0x08000bb4                DMA1_Stream7_IRQHandler
                0x08000bb4                SPI5_IRQHandler
                0x08000bb4                TIM5_IRQHandler
                0x08000bb4                DMA2_Stream7_IRQHandler
                0x08000bb4                I2C3_EV_IRQHandler
                0x08000bb4                EXTI9_5_IRQHandler
                0x08000bb4                RTC_WKUP_IRQHandler
                0x08000bb4                SPI2_IRQHandler
                0x08000bb4                DMA1_Stream0_IRQHandler
                0x08000bb4                EXTI4_IRQHandler
                0x08000bb4                WWDG_IRQHandler
                0x08000bb4                TIM2_IRQHandler
                0x08000bb4                OTG_FS_WKUP_IRQHandler
                0x08000bb4                TIM1_TRG_COM_TIM11_IRQHandler
                0x08000bb4                EXTI1_IRQHandler
                0x08000bb4                USART2_IRQHandler
                0x08000bb4                I2C2_ER_IRQHandler
                0x08000bb4                DMA2_Stream1_IRQHandler
                0x08000bb4                FLASH_IRQHandler
                0x08000bb4                DMA2_Stream4_IRQHandler
                0x08000bb4                USART1_IRQHandler
                0x08000bb4                SPI3_IRQHandler
                0x08000bb4                DMA1_Stream4_IRQHandler
                0x08000bb4                I2C1_ER_IRQHandler
                0x08000bb4                DMA2_Stream6_IRQHandler
                0x08000bb4                DMA1_Stream3_IRQHandler
 *fill*         0x08000bb6        0x2 
 .text.HAL_Init
                0x08000bb8       0x44 ./Drivers/STM32F4xx_HAL_Driver/Src/stm32f4xx_hal.o
                0x08000bb8                HAL_Init
 .text.HAL_IncTick
                0x08000bfc       0x28 ./Drivers/STM32F4xx_HAL_Driver/Src/stm32f4xx_hal.o
                0x08000bfc                HAL_IncTick
 .text.HAL_GetTick
                0x08000c24       0x18 ./Drivers/STM32F4xx_HAL_Driver/Src/stm32f4xx_hal.o
                0x08000c24                HAL_GetTick
 .text.HAL_Delay
                0x08000c3c       0x48 ./Drivers/STM32F4xx_HAL_Driver/Src/stm32f4xx_hal.o
                0x08000c3c                HAL_Delay
 .text.__NVIC_SetPriorityGrouping
                0x08000c84       0x48 ./Drivers/STM32F4xx_HAL_Driver/Src/stm32f4xx_hal_cortex.o
 .text.__NVIC_GetPriorityGrouping
                0x08000ccc       0x1c ./Drivers/STM32F4xx_HAL_Driver/Src/stm32f4xx_hal_cortex.o
 .text.__NVIC_EnableIRQ
                0x08000ce8       0x3c ./Drivers/STM32F4xx_HAL_Driver/Src/stm32f4xx_hal_cortex.o
 .text.__NVIC_SetPriority
                0x08000d24       0x54 ./Drivers/STM32F4xx_HAL_Driver/Src/stm32f4xx_hal_cortex.o
 .text.NVIC_EncodePriority
                0x08000d78       0x66 ./Drivers/STM32F4xx_HAL_Driver/Src/stm32f4xx_hal_cortex.o
 .text.HAL_NVIC_SetPriorityGrouping
                0x08000dde       0x16 ./Drivers/STM32F4xx_HAL_Driver/Src/stm32f4xx_hal_cortex.o
                0x08000dde                HAL_NVIC_SetPriorityGrouping
 .text.HAL_NVIC_SetPriority
                0x08000df4       0x38 ./Drivers/STM32F4xx_HAL_Driver/Src/stm32f4xx_hal_cortex.o
                0x08000df4                HAL_NVIC_SetPriority
 .text.HAL_NVIC_EnableIRQ
                0x08000e2c       0x1c ./Drivers/STM32F4xx_HAL_Driver/Src/stm32f4xx_hal_cortex.o
                0x08000e2c                HAL_NVIC_EnableIRQ
 .text.HAL_GPIO_Init
                0x08000e48      0x308 ./Drivers/STM32F4xx_HAL_Driver/Src/stm32f4xx_hal_gpio.o
                0x08000e48                HAL_GPIO_Init
 .text.HAL_GPIO_WritePin
                0x08001150       0x32 ./Drivers/STM32F4xx_HAL_Driver/Src/stm32f4xx_hal_gpio.o
                0x08001150                HAL_GPIO_WritePin
 .text.HAL_PCD_Init
                0x08001182      0x21e ./Drivers/STM32F4xx_HAL_Driver/Src/stm32f4xx_hal_pcd.o
                0x08001182                HAL_PCD_Init
 .text.HAL_PCD_Start
                0x080013a0       0x6a ./Drivers/STM32F4xx_HAL_Driver/Src/stm32f4xx_hal_pcd.o
                0x080013a0                HAL_PCD_Start
 .text.HAL_PCD_IRQHandler
                0x0800140a      0x942 ./Drivers/STM32F4xx_HAL_Driver/Src/stm32f4xx_hal_pcd.o
                0x0800140a                HAL_PCD_IRQHandler
 .text.HAL_PCD_SetAddress
                0x08001d4c       0x48 ./Drivers/STM32F4xx_HAL_Driver/Src/stm32f4xx_hal_pcd.o
                0x08001d4c                HAL_PCD_SetAddress
 .text.HAL_PCD_EP_Open
                0x08001d94       0xd4 ./Drivers/STM32F4xx_HAL_Driver/Src/stm32f4xx_hal_pcd.o
                0x08001d94                HAL_PCD_EP_Open
 .text.HAL_PCD_EP_Close
                0x08001e68       0x94 ./Drivers/STM32F4xx_HAL_Driver/Src/stm32f4xx_hal_pcd.o
                0x08001e68                HAL_PCD_EP_Close
 .text.HAL_PCD_EP_Receive
                0x08001efc       0x76 ./Drivers/STM32F4xx_HAL_Driver/Src/stm32f4xx_hal_pcd.o
                0x08001efc                HAL_PCD_EP_Receive
 .text.HAL_PCD_EP_GetRxCount
                0x08001f72       0x30 ./Drivers/STM32F4xx_HAL_Driver/Src/stm32f4xx_hal_pcd.o
                0x08001f72                HAL_PCD_EP_GetRxCount
 .text.HAL_PCD_EP_Transmit
                0x08001fa2       0x74 ./Drivers/STM32F4xx_HAL_Driver/Src/stm32f4xx_hal_pcd.o
                0x08001fa2                HAL_PCD_EP_Transmit
 .text.HAL_PCD_EP_SetStall
                0x08002016       0xc6 ./Drivers/STM32F4xx_HAL_Driver/Src/stm32f4xx_hal_pcd.o
                0x08002016                HAL_PCD_EP_SetStall
 .text.HAL_PCD_EP_ClrStall
                0x080020dc       0xac ./Drivers/STM32F4xx_HAL_Driver/Src/stm32f4xx_hal_pcd.o
                0x080020dc                HAL_PCD_EP_ClrStall
 .text.HAL_PCD_EP_Abort
                0x08002188       0x62 ./Drivers/STM32F4xx_HAL_Driver/Src/stm32f4xx_hal_pcd.o
                0x08002188                HAL_PCD_EP_Abort
 .text.PCD_WriteEmptyTxFifo
                0x080021ea      0x118 ./Drivers/STM32F4xx_HAL_Driver/Src/stm32f4xx_hal_pcd.o
 *fill*         0x08002302        0x2 
 .text.PCD_EP_OutXfrComplete_int
                0x08002304      0x1d0 ./Drivers/STM32F4xx_HAL_Driver/Src/stm32f4xx_hal_pcd.o
 .text.PCD_EP_OutSetupPacket_int
                0x080024d4       0x8c ./Drivers/STM32F4xx_HAL_Driver/Src/stm32f4xx_hal_pcd.o
 .text.HAL_PCDEx_SetTxFiFo
                0x08002560       0x8e ./Drivers/STM32F4xx_HAL_Driver/Src/stm32f4xx_hal_pcd_ex.o
                0x08002560                HAL_PCDEx_SetTxFiFo
 .text.HAL_PCDEx_SetRxFiFo
                0x080025ee       0x22 ./Drivers/STM32F4xx_HAL_Driver/Src/stm32f4xx_hal_pcd_ex.o
                0x080025ee                HAL_PCDEx_SetRxFiFo
 .text.HAL_PCDEx_LPM_Callback
                0x08002610       0x18 ./Drivers/STM32F4xx_HAL_Driver/Src/stm32f4xx_hal_pcd_ex.o
                0x08002610                HAL_PCDEx_LPM_Callback
 .text.HAL_RCC_OscConfig
                0x08002628      0x4f0 ./Drivers/STM32F4xx_HAL_Driver/Src/stm32f4xx_hal_rcc.o
                0x08002628                HAL_RCC_OscConfig
 .text.HAL_RCC_ClockConfig
                0x08002b18      0x1cc ./Drivers/STM32F4xx_HAL_Driver/Src/stm32f4xx_hal_rcc.o
                0x08002b18                HAL_RCC_ClockConfig
 .text.HAL_RCC_GetSysClockFreq
                0x08002ce4      0x18c ./Drivers/STM32F4xx_HAL_Driver/Src/stm32f4xx_hal_rcc.o
                0x08002ce4                HAL_RCC_GetSysClockFreq
 .text.HAL_RCC_GetHCLKFreq
                0x08002e70       0x18 ./Drivers/STM32F4xx_HAL_Driver/Src/stm32f4xx_hal_rcc.o
                0x08002e70                HAL_RCC_GetHCLKFreq
 .text.HAL_RCC_GetPCLK1Freq
                0x08002e88       0x28 ./Drivers/STM32F4xx_HAL_Driver/Src/stm32f4xx_hal_rcc.o
                0x08002e88                HAL_RCC_GetPCLK1Freq
 .text.HAL_RCC_GetClockConfig
                0x08002eb0       0x64 ./Drivers/STM32F4xx_HAL_Driver/Src/stm32f4xx_hal_rcc.o
                0x08002eb0                HAL_RCC_GetClockConfig
 .text.HAL_TIM_Base_Init
                0x08002f14       0x9e ./Drivers/STM32F4xx_HAL_Driver/Src/stm32f4xx_hal_tim.o
                0x08002f14                HAL_TIM_Base_Init
 .text.HAL_TIM_Base_MspInit
                0x08002fb2       0x14 ./Drivers/STM32F4xx_HAL_Driver/Src/stm32f4xx_hal_tim.o
                0x08002fb2                HAL_TIM_Base_MspInit
 *fill*         0x08002fc6        0x2 
 .text.HAL_TIM_Base_Start_IT
                0x08002fc8       0xc4 ./Drivers/STM32F4xx_HAL_Driver/Src/stm32f4xx_hal_tim.o
                0x08002fc8                HAL_TIM_Base_Start_IT
 .text.HAL_TIM_IRQHandler
                0x0800308c      0x1e0 ./Drivers/STM32F4xx_HAL_Driver/Src/stm32f4xx_hal_tim.o
                0x0800308c                HAL_TIM_IRQHandler
 .text.HAL_TIM_OC_DelayElapsedCallback
                0x0800326c       0x14 ./Drivers/STM32F4xx_HAL_Driver/Src/stm32f4xx_hal_tim.o
                0x0800326c                HAL_TIM_OC_DelayElapsedCallback
 .text.HAL_TIM_IC_CaptureCallback
                0x08003280       0x14 ./Drivers/STM32F4xx_HAL_Driver/Src/stm32f4xx_hal_tim.o
                0x08003280                HAL_TIM_IC_CaptureCallback
 .text.HAL_TIM_PWM_PulseFinishedCallback
                0x08003294       0x14 ./Drivers/STM32F4xx_HAL_Driver/Src/stm32f4xx_hal_tim.o
                0x08003294                HAL_TIM_PWM_PulseFinishedCallback
 .text.HAL_TIM_TriggerCallback
                0x080032a8       0x14 ./Drivers/STM32F4xx_HAL_Driver/Src/stm32f4xx_hal_tim.o
                0x080032a8                HAL_TIM_TriggerCallback
 .text.TIM_Base_SetConfig
                0x080032bc      0x10c ./Drivers/STM32F4xx_HAL_Driver/Src/stm32f4xx_hal_tim.o
                0x080032bc                TIM_Base_SetConfig
 .text.HAL_TIMEx_CommutCallback
                0x080033c8       0x14 ./Drivers/STM32F4xx_HAL_Driver/Src/stm32f4xx_hal_tim_ex.o
                0x080033c8                HAL_TIMEx_CommutCallback
 .text.HAL_TIMEx_BreakCallback
                0x080033dc       0x14 ./Drivers/STM32F4xx_HAL_Driver/Src/stm32f4xx_hal_tim_ex.o
                0x080033dc                HAL_TIMEx_BreakCallback
 .text.USB_CoreInit
                0x080033f0       0xc8 ./Drivers/STM32F4xx_HAL_Driver/Src/stm32f4xx_ll_usb.o
                0x080033f0                USB_CoreInit
 .text.USB_SetTurnaroundTime
                0x080034b8      0x144 ./Drivers/STM32F4xx_HAL_Driver/Src/stm32f4xx_ll_usb.o
                0x080034b8                USB_SetTurnaroundTime
 .text.USB_EnableGlobalInt
                0x080035fc       0x22 ./Drivers/STM32F4xx_HAL_Driver/Src/stm32f4xx_ll_usb.o
                0x080035fc                USB_EnableGlobalInt
 .text.USB_DisableGlobalInt
                0x0800361e       0x22 ./Drivers/STM32F4xx_HAL_Driver/Src/stm32f4xx_ll_usb.o
                0x0800361e                USB_DisableGlobalInt
 .text.USB_SetCurrentMode
                0x08003640       0x98 ./Drivers/STM32F4xx_HAL_Driver/Src/stm32f4xx_ll_usb.o
                0x08003640                USB_SetCurrentMode
 .text.USB_DevInit
                0x080036d8      0x2c8 ./Drivers/STM32F4xx_HAL_Driver/Src/stm32f4xx_ll_usb.o
                0x080036d8                USB_DevInit
 .text.USB_FlushTxFifo
                0x080039a0       0x64 ./Drivers/STM32F4xx_HAL_Driver/Src/stm32f4xx_ll_usb.o
                0x080039a0                USB_FlushTxFifo
 .text.USB_FlushRxFifo
                0x08003a04       0x5c ./Drivers/STM32F4xx_HAL_Driver/Src/stm32f4xx_ll_usb.o
                0x08003a04                USB_FlushRxFifo
 .text.USB_SetDevSpeed
                0x08003a60       0x32 ./Drivers/STM32F4xx_HAL_Driver/Src/stm32f4xx_ll_usb.o
                0x08003a60                USB_SetDevSpeed
 .text.USB_GetDevSpeed
                0x08003a92       0x4a ./Drivers/STM32F4xx_HAL_Driver/Src/stm32f4xx_ll_usb.o
                0x08003a92                USB_GetDevSpeed
 .text.USB_ActivateEndpoint
                0x08003adc      0x10e ./Drivers/STM32F4xx_HAL_Driver/Src/stm32f4xx_ll_usb.o
                0x08003adc                USB_ActivateEndpoint
 *fill*         0x08003bea        0x2 
 .text.USB_DeactivateEndpoint
                0x08003bec      0x1b8 ./Drivers/STM32F4xx_HAL_Driver/Src/stm32f4xx_ll_usb.o
                0x08003bec                USB_DeactivateEndpoint
 .text.USB_EPStartXfer
                0x08003da4      0x53c ./Drivers/STM32F4xx_HAL_Driver/Src/stm32f4xx_ll_usb.o
                0x08003da4                USB_EPStartXfer
 .text.USB_EPStopXfer
                0x080042e0      0x154 ./Drivers/STM32F4xx_HAL_Driver/Src/stm32f4xx_ll_usb.o
                0x080042e0                USB_EPStopXfer
 .text.USB_WritePacket
                0x08004434       0x7c ./Drivers/STM32F4xx_HAL_Driver/Src/stm32f4xx_ll_usb.o
                0x08004434                USB_WritePacket
 .text.USB_ReadPacket
                0x080044b0       0xb0 ./Drivers/STM32F4xx_HAL_Driver/Src/stm32f4xx_ll_usb.o
                0x080044b0                USB_ReadPacket
 .text.USB_EPSetStall
                0x08004560       0xdc ./Drivers/STM32F4xx_HAL_Driver/Src/stm32f4xx_ll_usb.o
                0x08004560                USB_EPSetStall
 .text.USB_EPClearStall
                0x0800463c       0xcc ./Drivers/STM32F4xx_HAL_Driver/Src/stm32f4xx_ll_usb.o
                0x0800463c                USB_EPClearStall
 .text.USB_SetDevAddress
                0x08004708       0x4c ./Drivers/STM32F4xx_HAL_Driver/Src/stm32f4xx_ll_usb.o
                0x08004708                USB_SetDevAddress
 .text.USB_DevConnect
                0x08004754       0x42 ./Drivers/STM32F4xx_HAL_Driver/Src/stm32f4xx_ll_usb.o
                0x08004754                USB_DevConnect
 .text.USB_DevDisconnect
                0x08004796       0x42 ./Drivers/STM32F4xx_HAL_Driver/Src/stm32f4xx_ll_usb.o
                0x08004796                USB_DevDisconnect
 .text.USB_ReadInterrupts
                0x080047d8       0x26 ./Drivers/STM32F4xx_HAL_Driver/Src/stm32f4xx_ll_usb.o
                0x080047d8                USB_ReadInterrupts
 .text.USB_ReadDevAllOutEpInterrupt
                0x080047fe       0x34 ./Drivers/STM32F4xx_HAL_Driver/Src/stm32f4xx_ll_usb.o
                0x080047fe                USB_ReadDevAllOutEpInterrupt
 .text.USB_ReadDevAllInEpInterrupt
                0x08004832       0x34 ./Drivers/STM32F4xx_HAL_Driver/Src/stm32f4xx_ll_usb.o
                0x08004832                USB_ReadDevAllInEpInterrupt
 .text.USB_ReadDevOutEPInterrupt
                0x08004866       0x3c ./Drivers/STM32F4xx_HAL_Driver/Src/stm32f4xx_ll_usb.o
                0x08004866                USB_ReadDevOutEPInterrupt
 .text.USB_ReadDevInEPInterrupt
                0x080048a2       0x5c ./Drivers/STM32F4xx_HAL_Driver/Src/stm32f4xx_ll_usb.o
                0x080048a2                USB_ReadDevInEPInterrupt
 .text.USB_GetMode
                0x080048fe       0x1c ./Drivers/STM32F4xx_HAL_Driver/Src/stm32f4xx_ll_usb.o
                0x080048fe                USB_GetMode
 .text.USB_ActivateSetup
                0x0800491a       0x46 ./Drivers/STM32F4xx_HAL_Driver/Src/stm32f4xx_ll_usb.o
                0x0800491a                USB_ActivateSetup
 .text.USB_EP0_OutStart
                0x08004960       0xbc ./Drivers/STM32F4xx_HAL_Driver/Src/stm32f4xx_ll_usb.o
                0x08004960                USB_EP0_OutStart
 .text.USB_CoreReset
                0x08004a1c       0x70 ./Drivers/STM32F4xx_HAL_Driver/Src/stm32f4xx_ll_usb.o
 .text.USBD_CDC_Init
                0x08004a8c      0x1f0 ./Middlewares/ST/STM32_USB_Device_Library/Class/CDC/Src/usbd_cdc.o
 .text.USBD_CDC_DeInit
                0x08004c7c      0x104 ./Middlewares/ST/STM32_USB_Device_Library/Class/CDC/Src/usbd_cdc.o
 .text.USBD_CDC_Setup
                0x08004d80      0x1b8 ./Middlewares/ST/STM32_USB_Device_Library/Class/CDC/Src/usbd_cdc.o
 .text.USBD_CDC_DataIn
                0x08004f38       0xfe ./Middlewares/ST/STM32_USB_Device_Library/Class/CDC/Src/usbd_cdc.o
 .text.USBD_CDC_DataOut
                0x08005036       0x70 ./Middlewares/ST/STM32_USB_Device_Library/Class/CDC/Src/usbd_cdc.o
 .text.USBD_CDC_EP0_RxReady
                0x080050a6       0x74 ./Middlewares/ST/STM32_USB_Device_Library/Class/CDC/Src/usbd_cdc.o
 *fill*         0x0800511a        0x2 
 .text.USBD_CDC_GetFSCfgDesc
                0x0800511c       0x70 ./Middlewares/ST/STM32_USB_Device_Library/Class/CDC/Src/usbd_cdc.o
 .text.USBD_CDC_GetHSCfgDesc
                0x0800518c       0x70 ./Middlewares/ST/STM32_USB_Device_Library/Class/CDC/Src/usbd_cdc.o
 .text.USBD_CDC_GetOtherSpeedCfgDesc
                0x080051fc       0x70 ./Middlewares/ST/STM32_USB_Device_Library/Class/CDC/Src/usbd_cdc.o
 .text.USBD_CDC_GetDeviceQualifierDescriptor
                0x0800526c       0x20 ./Middlewares/ST/STM32_USB_Device_Library/Class/CDC/Src/usbd_cdc.o
                0x0800526c                USBD_CDC_GetDeviceQualifierDescriptor
 .text.USBD_CDC_RegisterInterface
                0x0800528c       0x34 ./Middlewares/ST/STM32_USB_Device_Library/Class/CDC/Src/usbd_cdc.o
                0x0800528c                USBD_CDC_RegisterInterface
 .text.USBD_CDC_SetTxBuffer
                0x080052c0       0x44 ./Middlewares/ST/STM32_USB_Device_Library/Class/CDC/Src/usbd_cdc.o
                0x080052c0                USBD_CDC_SetTxBuffer
 .text.USBD_CDC_SetRxBuffer
                0x08005304       0x3a ./Middlewares/ST/STM32_USB_Device_Library/Class/CDC/Src/usbd_cdc.o
                0x08005304                USBD_CDC_SetRxBuffer
 *fill*         0x0800533e        0x2 
 .text.USBD_CDC_TransmitPacket
                0x08005340       0x80 ./Middlewares/ST/STM32_USB_Device_Library/Class/CDC/Src/usbd_cdc.o
                0x08005340                USBD_CDC_TransmitPacket
 .text.USBD_CDC_ReceivePacket
                0x080053c0       0x6c ./Middlewares/ST/STM32_USB_Device_Library/Class/CDC/Src/usbd_cdc.o
                0x080053c0                USBD_CDC_ReceivePacket
 .text.USBD_Init
                0x0800542c       0x60 ./Middlewares/ST/STM32_USB_Device_Library/Core/Src/usbd_core.o
                0x0800542c                USBD_Init
 .text.USBD_RegisterClass
                0x0800548c       0x6c ./Middlewares/ST/STM32_USB_Device_Library/Core/Src/usbd_core.o
                0x0800548c                USBD_RegisterClass
 .text.USBD_Start
                0x080054f8       0x18 ./Middlewares/ST/STM32_USB_Device_Library/Core/Src/usbd_core.o
                0x080054f8                USBD_Start
 .text.USBD_RunTestMode
                0x08005510       0x16 ./Middlewares/ST/STM32_USB_Device_Library/Core/Src/usbd_core.o
                0x08005510                USBD_RunTestMode
 .text.USBD_SetClassConfig
                0x08005526       0x38 ./Middlewares/ST/STM32_USB_Device_Library/Core/Src/usbd_core.o
                0x08005526                USBD_SetClassConfig
 .text.USBD_ClrClassConfig
                0x0800555e       0x34 ./Middlewares/ST/STM32_USB_Device_Library/Core/Src/usbd_core.o
                0x0800555e                USBD_ClrClassConfig
 .text.USBD_LL_SetupStage
                0x08005592       0xaa ./Middlewares/ST/STM32_USB_Device_Library/Core/Src/usbd_core.o
                0x08005592                USBD_LL_SetupStage
 .text.USBD_LL_DataOutStage
                0x0800563c      0x178 ./Middlewares/ST/STM32_USB_Device_Library/Core/Src/usbd_core.o
                0x0800563c                USBD_LL_DataOutStage
 .text.USBD_LL_DataInStage
                0x080057b4      0x176 ./Middlewares/ST/STM32_USB_Device_Library/Core/Src/usbd_core.o
                0x080057b4                USBD_LL_DataInStage
 .text.USBD_LL_Reset
                0x0800592a       0xa6 ./Middlewares/ST/STM32_USB_Device_Library/Core/Src/usbd_core.o
                0x0800592a                USBD_LL_Reset
 .text.USBD_LL_SetSpeed
                0x080059d0       0x20 ./Middlewares/ST/STM32_USB_Device_Library/Core/Src/usbd_core.o
                0x080059d0                USBD_LL_SetSpeed
 .text.USBD_LL_Suspend
                0x080059f0       0x38 ./Middlewares/ST/STM32_USB_Device_Library/Core/Src/usbd_core.o
                0x080059f0                USBD_LL_Suspend
 .text.USBD_LL_Resume
                0x08005a28       0x30 ./Middlewares/ST/STM32_USB_Device_Library/Core/Src/usbd_core.o
                0x08005a28                USBD_LL_Resume
 .text.USBD_LL_SOF
                0x08005a58       0x40 ./Middlewares/ST/STM32_USB_Device_Library/Core/Src/usbd_core.o
                0x08005a58                USBD_LL_SOF
 .text.USBD_LL_IsoINIncomplete
                0x08005a98       0x64 ./Middlewares/ST/STM32_USB_Device_Library/Core/Src/usbd_core.o
                0x08005a98                USBD_LL_IsoINIncomplete
 .text.USBD_LL_IsoOUTIncomplete
                0x08005afc       0x64 ./Middlewares/ST/STM32_USB_Device_Library/Core/Src/usbd_core.o
                0x08005afc                USBD_LL_IsoOUTIncomplete
 .text.USBD_LL_DevConnected
                0x08005b60       0x16 ./Middlewares/ST/STM32_USB_Device_Library/Core/Src/usbd_core.o
                0x08005b60                USBD_LL_DevConnected
 .text.USBD_LL_DevDisconnected
                0x08005b76       0x46 ./Middlewares/ST/STM32_USB_Device_Library/Core/Src/usbd_core.o
                0x08005b76                USBD_LL_DevDisconnected
 .text.USBD_CoreFindIF
                0x08005bbc       0x1a ./Middlewares/ST/STM32_USB_Device_Library/Core/Src/usbd_core.o
                0x08005bbc                USBD_CoreFindIF
 .text.USBD_CoreFindEP
                0x08005bd6       0x1a ./Middlewares/ST/STM32_USB_Device_Library/Core/Src/usbd_core.o
                0x08005bd6                USBD_CoreFindEP
 .text.USBD_GetEpDesc
                0x08005bf0       0x70 ./Middlewares/ST/STM32_USB_Device_Library/Core/Src/usbd_core.o
                0x08005bf0                USBD_GetEpDesc
 .text.USBD_GetNextDesc
                0x08005c60       0x38 ./Middlewares/ST/STM32_USB_Device_Library/Core/Src/usbd_core.o
                0x08005c60                USBD_GetNextDesc
 .text.SWAPBYTE
                0x08005c98       0x3e ./Middlewares/ST/STM32_USB_Device_Library/Core/Src/usbd_ctlreq.o
 *fill*         0x08005cd6        0x2 
 .text.USBD_StdDevReq
                0x08005cd8       0xe4 ./Middlewares/ST/STM32_USB_Device_Library/Core/Src/usbd_ctlreq.o
                0x08005cd8                USBD_StdDevReq
 .text.USBD_StdItfReq
                0x08005dbc       0xd8 ./Middlewares/ST/STM32_USB_Device_Library/Core/Src/usbd_ctlreq.o
                0x08005dbc                USBD_StdItfReq
 .text.USBD_StdEPReq
                0x08005e94      0x33e ./Middlewares/ST/STM32_USB_Device_Library/Core/Src/usbd_ctlreq.o
                0x08005e94                USBD_StdEPReq
 *fill*         0x080061d2        0x2 
 .text.USBD_GetDescriptor
                0x080061d4      0x2d4 ./Middlewares/ST/STM32_USB_Device_Library/Core/Src/usbd_ctlreq.o
 .text.USBD_SetAddress
                0x080064a8       0x88 ./Middlewares/ST/STM32_USB_Device_Library/Core/Src/usbd_ctlreq.o
 .text.USBD_SetConfig
                0x08006530      0x154 ./Middlewares/ST/STM32_USB_Device_Library/Core/Src/usbd_ctlreq.o
 .text.USBD_GetConfig
                0x08006684       0x6c ./Middlewares/ST/STM32_USB_Device_Library/Core/Src/usbd_ctlreq.o
 .text.USBD_GetStatus
                0x080066f0       0x68 ./Middlewares/ST/STM32_USB_Device_Library/Core/Src/usbd_ctlreq.o
 .text.USBD_SetFeature
                0x08006758       0x52 ./Middlewares/ST/STM32_USB_Device_Library/Core/Src/usbd_ctlreq.o
 .text.USBD_ClrFeature
                0x080067aa       0x44 ./Middlewares/ST/STM32_USB_Device_Library/Core/Src/usbd_ctlreq.o
 .text.USBD_ParseSetupRequest
                0x080067ee       0x74 ./Middlewares/ST/STM32_USB_Device_Library/Core/Src/usbd_ctlreq.o
                0x080067ee                USBD_ParseSetupRequest
 .text.USBD_CtlError
                0x08006862       0x22 ./Middlewares/ST/STM32_USB_Device_Library/Core/Src/usbd_ctlreq.o
                0x08006862                USBD_CtlError
 .text.USBD_GetString
                0x08006884       0xa4 ./Middlewares/ST/STM32_USB_Device_Library/Core/Src/usbd_ctlreq.o
                0x08006884                USBD_GetString
 .text.USBD_GetLen
                0x08006928       0x34 ./Middlewares/ST/STM32_USB_Device_Library/Core/Src/usbd_ctlreq.o
 .text.USBD_CtlSendData
                0x0800695c       0x3c ./Middlewares/ST/STM32_USB_Device_Library/Core/Src/usbd_ioreq.o
                0x0800695c                USBD_CtlSendData
 .text.USBD_CtlContinueSendData
                0x08006998       0x22 ./Middlewares/ST/STM32_USB_Device_Library/Core/Src/usbd_ioreq.o
                0x08006998                USBD_CtlContinueSendData
 .text.USBD_CtlPrepareRx
                0x080069ba       0x42 ./Middlewares/ST/STM32_USB_Device_Library/Core/Src/usbd_ioreq.o
                0x080069ba                USBD_CtlPrepareRx
 .text.USBD_CtlContinueRx
                0x080069fc       0x22 ./Middlewares/ST/STM32_USB_Device_Library/Core/Src/usbd_ioreq.o
                0x080069fc                USBD_CtlContinueRx
 .text.USBD_CtlSendStatus
                0x08006a1e       0x26 ./Middlewares/ST/STM32_USB_Device_Library/Core/Src/usbd_ioreq.o
                0x08006a1e                USBD_CtlSendStatus
 .text.USBD_CtlReceiveStatus
                0x08006a44       0x26 ./Middlewares/ST/STM32_USB_Device_Library/Core/Src/usbd_ioreq.o
                0x08006a44                USBD_CtlReceiveStatus
 .text.vListInitialise
                0x08006a6a       0x40 ./Middlewares/Third_Party/FreeRTOS/Source/list.o
                0x08006a6a                vListInitialise
 .text.vListInitialiseItem
                0x08006aaa       0x1a ./Middlewares/Third_Party/FreeRTOS/Source/list.o
                0x08006aaa                vListInitialiseItem
 .text.vListInsertEnd
                0x08006ac4       0x48 ./Middlewares/Third_Party/FreeRTOS/Source/list.o
                0x08006ac4                vListInsertEnd
 .text.uxListRemove
                0x08006b0c       0x54 ./Middlewares/Third_Party/FreeRTOS/Source/list.o
                0x08006b0c                uxListRemove
 .text.xTaskCreateStatic
                0x08006b60       0xc0 ./Middlewares/Third_Party/FreeRTOS/Source/tasks.o
                0x08006b60                xTaskCreateStatic
 .text.xTaskCreate
                0x08006c20       0x8a ./Middlewares/Third_Party/FreeRTOS/Source/tasks.o
                0x08006c20                xTaskCreate
 *fill*         0x08006caa        0x2 
 .text.prvInitialiseNewTask
                0x08006cac      0x140 ./Middlewares/Third_Party/FreeRTOS/Source/tasks.o
 .text.prvAddNewTaskToReadyList
                0x08006dec       0xd4 ./Middlewares/Third_Party/FreeRTOS/Source/tasks.o
 .text.vTaskStartScheduler
                0x08006ec0       0xd4 ./Middlewares/Third_Party/FreeRTOS/Source/tasks.o
                0x08006ec0                vTaskStartScheduler
 .text.vTaskSuspendAll
                0x08006f94       0x1c ./Middlewares/Third_Party/FreeRTOS/Source/tasks.o
                0x08006f94                vTaskSuspendAll
 .text.xTaskResumeAll
                0x08006fb0      0x13c ./Middlewares/Third_Party/FreeRTOS/Source/tasks.o
                0x08006fb0                xTaskResumeAll
 .text.xTaskIncrementTick
                0x080070ec      0x174 ./Middlewares/Third_Party/FreeRTOS/Source/tasks.o
                0x080070ec                xTaskIncrementTick
 .text.vTaskSwitchContext
                0x08007260       0xc8 ./Middlewares/Third_Party/FreeRTOS/Source/tasks.o
                0x08007260                vTaskSwitchContext
 .text.prvIdleTask
                0x08007328       0x30 ./Middlewares/Third_Party/FreeRTOS/Source/tasks.o
 .text.prvInitialiseTaskLists
                0x08007358       0x80 ./Middlewares/Third_Party/FreeRTOS/Source/tasks.o
 .text.prvCheckTasksWaitingTermination
                0x080073d8       0x5c ./Middlewares/Third_Party/FreeRTOS/Source/tasks.o
 .text.prvDeleteTCB
                0x08007434       0x6a ./Middlewares/Third_Party/FreeRTOS/Source/tasks.o
 *fill*         0x0800749e        0x2 
 .text.prvResetNextTaskUnblockTime
                0x080074a0       0x40 ./Middlewares/Third_Party/FreeRTOS/Source/tasks.o
 .text.pxPortInitialiseStack
                0x080074e0       0x68 ./Middlewares/Third_Party/FreeRTOS/Source/portable/GCC/ARM_CM4F/port.o
                0x080074e0                pxPortInitialiseStack
 .text.prvTaskExitError
                0x08007548       0x5c ./Middlewares/Third_Party/FreeRTOS/Source/portable/GCC/ARM_CM4F/port.o
 *fill*         0x080075a4        0xc 
 .text.SVC_Handler
                0x080075b0       0x28 ./Middlewares/Third_Party/FreeRTOS/Source/portable/GCC/ARM_CM4F/port.o
                0x080075b0                SVC_Handler
 .text.prvPortStartFirstTask
                0x080075d8       0x28 ./Middlewares/Third_Party/FreeRTOS/Source/portable/GCC/ARM_CM4F/port.o
 .text.xPortStartScheduler
                0x08007600      0x148 ./Middlewares/Third_Party/FreeRTOS/Source/portable/GCC/ARM_CM4F/port.o
                0x08007600                xPortStartScheduler
 .text.vPortEnterCritical
                0x08007748       0x64 ./Middlewares/Third_Party/FreeRTOS/Source/portable/GCC/ARM_CM4F/port.o
                0x08007748                vPortEnterCritical
 .text.vPortExitCritical
                0x080077ac       0x54 ./Middlewares/Third_Party/FreeRTOS/Source/portable/GCC/ARM_CM4F/port.o
                0x080077ac                vPortExitCritical
 .text.PendSV_Handler
                0x08007800       0x68 ./Middlewares/Third_Party/FreeRTOS/Source/portable/GCC/ARM_CM4F/port.o
                0x08007800                PendSV_Handler
 .text.SysTick_Handler
                0x08007868       0x44 ./Middlewares/Third_Party/FreeRTOS/Source/portable/GCC/ARM_CM4F/port.o
                0x08007868                SysTick_Handler
 .text.vPortSetupTimerInterrupt
                0x080078ac       0x48 ./Middlewares/Third_Party/FreeRTOS/Source/portable/GCC/ARM_CM4F/port.o
                0x080078ac                vPortSetupTimerInterrupt
 .text.vPortEnableVFP
                0x080078f4       0x14 ./Middlewares/Third_Party/FreeRTOS/Source/portable/GCC/ARM_CM4F/port.o
 .text.pvPortMalloc
                0x08007908      0x19c ./Middlewares/Third_Party/FreeRTOS/Source/portable/MemMang/heap_4.o
                0x08007908                pvPortMalloc
 .text.vPortFree
                0x08007aa4       0xc8 ./Middlewares/Third_Party/FreeRTOS/Source/portable/MemMang/heap_4.o
                0x08007aa4                vPortFree
 .text.prvHeapInit
                0x08007b6c       0xc4 ./Middlewares/Third_Party/FreeRTOS/Source/portable/MemMang/heap_4.o
 .text.prvInsertBlockIntoFreeList
                0x08007c30       0xb4 ./Middlewares/Third_Party/FreeRTOS/Source/portable/MemMang/heap_4.o
 .text.MX_USB_DEVICE_Init
                0x08007ce4       0x60 ./USB_DEVICE/App/usb_device.o
                0x08007ce4                MX_USB_DEVICE_Init
 .text.CDC_Init_FS
                0x08007d44       0x28 ./USB_DEVICE/App/usbd_cdc_if.o
 .text.CDC_DeInit_FS
                0x08007d6c       0x10 ./USB_DEVICE/App/usbd_cdc_if.o
 .text.CDC_Control_FS
                0x08007d7c       0xbc ./USB_DEVICE/App/usbd_cdc_if.o
 .text.CDC_Receive_FS
                0x08007e38       0x28 ./USB_DEVICE/App/usbd_cdc_if.o
 .text.CDC_Transmit_FS
                0x08007e60       0x4c ./USB_DEVICE/App/usbd_cdc_if.o
                0x08007e60                CDC_Transmit_FS
 .text.CDC_TransmitCplt_FS
                0x08007eac       0x22 ./USB_DEVICE/App/usbd_cdc_if.o
 *fill*         0x08007ece        0x2 
 .text.USBD_FS_DeviceDescriptor
                0x08007ed0       0x24 ./USB_DEVICE/App/usbd_desc.o
                0x08007ed0                USBD_FS_DeviceDescriptor
 .text.USBD_FS_LangIDStrDescriptor
                0x08007ef4       0x24 ./USB_DEVICE/App/usbd_desc.o
                0x08007ef4                USBD_FS_LangIDStrDescriptor
 .text.USBD_FS_ProductStrDescriptor
                0x08007f18       0x3c ./USB_DEVICE/App/usbd_desc.o
                0x08007f18                USBD_FS_ProductStrDescriptor
 .text.USBD_FS_ManufacturerStrDescriptor
                0x08007f54       0x28 ./USB_DEVICE/App/usbd_desc.o
                0x08007f54                USBD_FS_ManufacturerStrDescriptor
 .text.USBD_FS_SerialStrDescriptor
                0x08007f7c       0x24 ./USB_DEVICE/App/usbd_desc.o
                0x08007f7c                USBD_FS_SerialStrDescriptor
 .text.USBD_FS_ConfigStrDescriptor
                0x08007fa0       0x3c ./USB_DEVICE/App/usbd_desc.o
                0x08007fa0                USBD_FS_ConfigStrDescriptor
 .text.USBD_FS_InterfaceStrDescriptor
                0x08007fdc       0x3c ./USB_DEVICE/App/usbd_desc.o
                0x08007fdc                USBD_FS_InterfaceStrDescriptor
 .text.Get_SerialNum
                0x08008018       0x58 ./USB_DEVICE/App/usbd_desc.o
 .text.IntToUnicode
                0x08008070       0x7e ./USB_DEVICE/App/usbd_desc.o
 *fill*         0x080080ee        0x2 
 .text.HAL_PCD_MspInit
                0x080080f0       0xa8 ./USB_DEVICE/Target/usbd_conf.o
                0x080080f0                HAL_PCD_MspInit
 .text.HAL_PCD_SetupStageCallback
                0x08008198       0x24 ./USB_DEVICE/Target/usbd_conf.o
                0x08008198                HAL_PCD_SetupStageCallback
 .text.HAL_PCD_DataOutStageCallback
                0x080081bc       0x36 ./USB_DEVICE/Target/usbd_conf.o
                0x080081bc                HAL_PCD_DataOutStageCallback
 .text.HAL_PCD_DataInStageCallback
                0x080081f2       0x34 ./USB_DEVICE/Target/usbd_conf.o
                0x080081f2                HAL_PCD_DataInStageCallback
 .text.HAL_PCD_SOFCallback
                0x08008226       0x1c ./USB_DEVICE/Target/usbd_conf.o
                0x08008226                HAL_PCD_SOFCallback
 .text.HAL_PCD_ResetCallback
                0x08008242       0x3c ./USB_DEVICE/Target/usbd_conf.o
                0x08008242                HAL_PCD_ResetCallback
 *fill*         0x0800827e        0x2 
 .text.HAL_PCD_SuspendCallback
                0x08008280       0x4c ./USB_DEVICE/Target/usbd_conf.o
                0x08008280                HAL_PCD_SuspendCallback
 .text.HAL_PCD_ResumeCallback
                0x080082cc       0x1c ./USB_DEVICE/Target/usbd_conf.o
                0x080082cc                HAL_PCD_ResumeCallback
 .text.HAL_PCD_ISOOUTIncompleteCallback
                0x080082e8       0x24 ./USB_DEVICE/Target/usbd_conf.o
                0x080082e8                HAL_PCD_ISOOUTIncompleteCallback
 .text.HAL_PCD_ISOINIncompleteCallback
                0x0800830c       0x24 ./USB_DEVICE/Target/usbd_conf.o
                0x0800830c                HAL_PCD_ISOINIncompleteCallback
 .text.HAL_PCD_ConnectCallback
                0x08008330       0x1c ./USB_DEVICE/Target/usbd_conf.o
                0x08008330                HAL_PCD_ConnectCallback
 .text.HAL_PCD_DisconnectCallback
                0x0800834c       0x1c ./USB_DEVICE/Target/usbd_conf.o
                0x0800834c                HAL_PCD_DisconnectCallback
 .text.USBD_LL_Init
                0x08008368       0x98 ./USB_DEVICE/Target/usbd_conf.o
                0x08008368                USBD_LL_Init
 .text.USBD_LL_Start
                0x08008400       0x36 ./USB_DEVICE/Target/usbd_conf.o
                0x08008400                USBD_LL_Start
 .text.USBD_LL_OpenEP
                0x08008436       0x4c ./USB_DEVICE/Target/usbd_conf.o
                0x08008436                USBD_LL_OpenEP
 .text.USBD_LL_CloseEP
                0x08008482       0x3e ./USB_DEVICE/Target/usbd_conf.o
                0x08008482                USBD_LL_CloseEP
 .text.USBD_LL_StallEP
                0x080084c0       0x3e ./USB_DEVICE/Target/usbd_conf.o
                0x080084c0                USBD_LL_StallEP
 .text.USBD_LL_ClearStallEP
                0x080084fe       0x3e ./USB_DEVICE/Target/usbd_conf.o
                0x080084fe                USBD_LL_ClearStallEP
 .text.USBD_LL_IsStallEP
                0x0800853c       0x58 ./USB_DEVICE/Target/usbd_conf.o
                0x0800853c                USBD_LL_IsStallEP
 .text.USBD_LL_SetUSBAddress
                0x08008594       0x3e ./USB_DEVICE/Target/usbd_conf.o
                0x08008594                USBD_LL_SetUSBAddress
 .text.USBD_LL_Transmit
                0x080085d2       0x42 ./USB_DEVICE/Target/usbd_conf.o
                0x080085d2                USBD_LL_Transmit
 .text.USBD_LL_PrepareReceive
                0x08008614       0x42 ./USB_DEVICE/Target/usbd_conf.o
                0x08008614                USBD_LL_PrepareReceive
 .text.USBD_LL_GetRxDataSize
                0x08008656       0x26 ./USB_DEVICE/Target/usbd_conf.o
                0x08008656                USBD_LL_GetRxDataSize
 .text.USBD_static_malloc
                0x0800867c       0x1c ./USB_DEVICE/Target/usbd_conf.o
                0x0800867c                USBD_static_malloc
 .text.USBD_static_free
                0x08008698       0x14 ./USB_DEVICE/Target/usbd_conf.o
                0x08008698                USBD_static_free
 .text.USBD_Get_USB_Status
                0x080086ac       0x58 ./USB_DEVICE/Target/usbd_conf.o
                0x080086ac                USBD_Get_USB_Status
 .text.std      0x08008704       0x6c C:/ST/STM32CubeIDE_1.18.1/STM32CubeIDE/plugins/com.st.stm32cube.ide.mcu.externaltools.gnu-tools-for-stm32.13.3.rel1.win32_1.0.0.202411081344/tools/bin/../lib/gcc/arm-none-eabi/13.3.1/../../../../arm-none-eabi/lib/thumb/v7e-m+fp/hard\libc_nano.a(libc_a-findfp.o)
 .text.stdio_exit_handler
                0x08008770       0x18 C:/ST/STM32CubeIDE_1.18.1/STM32CubeIDE/plugins/com.st.stm32cube.ide.mcu.externaltools.gnu-tools-for-stm32.13.3.rel1.win32_1.0.0.202411081344/tools/bin/../lib/gcc/arm-none-eabi/13.3.1/../../../../arm-none-eabi/lib/thumb/v7e-m+fp/hard\libc_nano.a(libc_a-findfp.o)
 .text.cleanup_stdio
                0x08008788       0x40 C:/ST/STM32CubeIDE_1.18.1/STM32CubeIDE/plugins/com.st.stm32cube.ide.mcu.externaltools.gnu-tools-for-stm32.13.3.rel1.win32_1.0.0.202411081344/tools/bin/../lib/gcc/arm-none-eabi/13.3.1/../../../../arm-none-eabi/lib/thumb/v7e-m+fp/hard\libc_nano.a(libc_a-findfp.o)
 .text.global_stdio_init.part.0
                0x080087c8       0x3c C:/ST/STM32CubeIDE_1.18.1/STM32CubeIDE/plugins/com.st.stm32cube.ide.mcu.externaltools.gnu-tools-for-stm32.13.3.rel1.win32_1.0.0.202411081344/tools/bin/../lib/gcc/arm-none-eabi/13.3.1/../../../../arm-none-eabi/lib/thumb/v7e-m+fp/hard\libc_nano.a(libc_a-findfp.o)
 .text.__sfp_lock_acquire
                0x08008804        0xc C:/ST/STM32CubeIDE_1.18.1/STM32CubeIDE/plugins/com.st.stm32cube.ide.mcu.externaltools.gnu-tools-for-stm32.13.3.rel1.win32_1.0.0.202411081344/tools/bin/../lib/gcc/arm-none-eabi/13.3.1/../../../../arm-none-eabi/lib/thumb/v7e-m+fp/hard\libc_nano.a(libc_a-findfp.o)
                0x08008804                __sfp_lock_acquire
 .text.__sfp_lock_release
                0x08008810        0xc C:/ST/STM32CubeIDE_1.18.1/STM32CubeIDE/plugins/com.st.stm32cube.ide.mcu.externaltools.gnu-tools-for-stm32.13.3.rel1.win32_1.0.0.202411081344/tools/bin/../lib/gcc/arm-none-eabi/13.3.1/../../../../arm-none-eabi/lib/thumb/v7e-m+fp/hard\libc_nano.a(libc_a-findfp.o)
                0x08008810                __sfp_lock_release
 .text.__sinit  0x0800881c       0x30 C:/ST/STM32CubeIDE_1.18.1/STM32CubeIDE/plugins/com.st.stm32cube.ide.mcu.externaltools.gnu-tools-for-stm32.13.3.rel1.win32_1.0.0.202411081344/tools/bin/../lib/gcc/arm-none-eabi/13.3.1/../../../../arm-none-eabi/lib/thumb/v7e-m+fp/hard\libc_nano.a(libc_a-findfp.o)
                0x0800881c                __sinit
 .text._fwalk_sglue
                0x0800884c       0x3c C:/ST/STM32CubeIDE_1.18.1/STM32CubeIDE/plugins/com.st.stm32cube.ide.mcu.externaltools.gnu-tools-for-stm32.13.3.rel1.win32_1.0.0.202411081344/tools/bin/../lib/gcc/arm-none-eabi/13.3.1/../../../../arm-none-eabi/lib/thumb/v7e-m+fp/hard\libc_nano.a(libc_a-fwalk.o)
                0x0800884c                _fwalk_sglue
 .text.printf   0x08008888       0x24 C:/ST/STM32CubeIDE_1.18.1/STM32CubeIDE/plugins/com.st.stm32cube.ide.mcu.externaltools.gnu-tools-for-stm32.13.3.rel1.win32_1.0.0.202411081344/tools/bin/../lib/gcc/arm-none-eabi/13.3.1/../../../../arm-none-eabi/lib/thumb/v7e-m+fp/hard\libc_nano.a(libc_a-printf.o)
                0x08008888                iprintf
                0x08008888                printf
 .text.__sread  0x080088ac       0x22 C:/ST/STM32CubeIDE_1.18.1/STM32CubeIDE/plugins/com.st.stm32cube.ide.mcu.externaltools.gnu-tools-for-stm32.13.3.rel1.win32_1.0.0.202411081344/tools/bin/../lib/gcc/arm-none-eabi/13.3.1/../../../../arm-none-eabi/lib/thumb/v7e-m+fp/hard\libc_nano.a(libc_a-stdio.o)
                0x080088ac                __sread
 .text.__swrite
                0x080088ce       0x38 C:/ST/STM32CubeIDE_1.18.1/STM32CubeIDE/plugins/com.st.stm32cube.ide.mcu.externaltools.gnu-tools-for-stm32.13.3.rel1.win32_1.0.0.202411081344/tools/bin/../lib/gcc/arm-none-eabi/13.3.1/../../../../arm-none-eabi/lib/thumb/v7e-m+fp/hard\libc_nano.a(libc_a-stdio.o)
                0x080088ce                __swrite
 .text.__sseek  0x08008906       0x24 C:/ST/STM32CubeIDE_1.18.1/STM32CubeIDE/plugins/com.st.stm32cube.ide.mcu.externaltools.gnu-tools-for-stm32.13.3.rel1.win32_1.0.0.202411081344/tools/bin/../lib/gcc/arm-none-eabi/13.3.1/../../../../arm-none-eabi/lib/thumb/v7e-m+fp/hard\libc_nano.a(libc_a-stdio.o)
                0x08008906                __sseek
 .text.__sclose
                0x0800892a        0x8 C:/ST/STM32CubeIDE_1.18.1/STM32CubeIDE/plugins/com.st.stm32cube.ide.mcu.externaltools.gnu-tools-for-stm32.13.3.rel1.win32_1.0.0.202411081344/tools/bin/../lib/gcc/arm-none-eabi/13.3.1/../../../../arm-none-eabi/lib/thumb/v7e-m+fp/hard\libc_nano.a(libc_a-stdio.o)
                0x0800892a                __sclose
 .text.memset   0x08008932       0x10 C:/ST/STM32CubeIDE_1.18.1/STM32CubeIDE/plugins/com.st.stm32cube.ide.mcu.externaltools.gnu-tools-for-stm32.13.3.rel1.win32_1.0.0.202411081344/tools/bin/../lib/gcc/arm-none-eabi/13.3.1/../../../../arm-none-eabi/lib/thumb/v7e-m+fp/hard\libc_nano.a(libc_a-memset.o)
                0x08008932                memset
 *fill*         0x08008942        0x2 
 .text._close_r
                0x08008944       0x20 C:/ST/STM32CubeIDE_1.18.1/STM32CubeIDE/plugins/com.st.stm32cube.ide.mcu.externaltools.gnu-tools-for-stm32.13.3.rel1.win32_1.0.0.202411081344/tools/bin/../lib/gcc/arm-none-eabi/13.3.1/../../../../arm-none-eabi/lib/thumb/v7e-m+fp/hard\libc_nano.a(libc_a-closer.o)
                0x08008944                _close_r
 .text._reclaim_reent
                0x08008964       0xbc C:/ST/STM32CubeIDE_1.18.1/STM32CubeIDE/plugins/com.st.stm32cube.ide.mcu.externaltools.gnu-tools-for-stm32.13.3.rel1.win32_1.0.0.202411081344/tools/bin/../lib/gcc/arm-none-eabi/13.3.1/../../../../arm-none-eabi/lib/thumb/v7e-m+fp/hard\libc_nano.a(libc_a-reent.o)
                0x08008964                _reclaim_reent
 .text._lseek_r
                0x08008a20       0x24 C:/ST/STM32CubeIDE_1.18.1/STM32CubeIDE/plugins/com.st.stm32cube.ide.mcu.externaltools.gnu-tools-for-stm32.13.3.rel1.win32_1.0.0.202411081344/tools/bin/../lib/gcc/arm-none-eabi/13.3.1/../../../../arm-none-eabi/lib/thumb/v7e-m+fp/hard\libc_nano.a(libc_a-lseekr.o)
                0x08008a20                _lseek_r
 .text._read_r  0x08008a44       0x24 C:/ST/STM32CubeIDE_1.18.1/STM32CubeIDE/plugins/com.st.stm32cube.ide.mcu.externaltools.gnu-tools-for-stm32.13.3.rel1.win32_1.0.0.202411081344/tools/bin/../lib/gcc/arm-none-eabi/13.3.1/../../../../arm-none-eabi/lib/thumb/v7e-m+fp/hard\libc_nano.a(libc_a-readr.o)
                0x08008a44                _read_r
 .text._write_r
                0x08008a68       0x24 C:/ST/STM32CubeIDE_1.18.1/STM32CubeIDE/plugins/com.st.stm32cube.ide.mcu.externaltools.gnu-tools-for-stm32.13.3.rel1.win32_1.0.0.202411081344/tools/bin/../lib/gcc/arm-none-eabi/13.3.1/../../../../arm-none-eabi/lib/thumb/v7e-m+fp/hard\libc_nano.a(libc_a-writer.o)
                0x08008a68                _write_r
 .text.__errno  0x08008a8c        0xc C:/ST/STM32CubeIDE_1.18.1/STM32CubeIDE/plugins/com.st.stm32cube.ide.mcu.externaltools.gnu-tools-for-stm32.13.3.rel1.win32_1.0.0.202411081344/tools/bin/../lib/gcc/arm-none-eabi/13.3.1/../../../../arm-none-eabi/lib/thumb/v7e-m+fp/hard\libc_nano.a(libc_a-errno.o)
                0x08008a8c                __errno
 .text.__libc_init_array
                0x08008a98       0x48 C:/ST/STM32CubeIDE_1.18.1/STM32CubeIDE/plugins/com.st.stm32cube.ide.mcu.externaltools.gnu-tools-for-stm32.13.3.rel1.win32_1.0.0.202411081344/tools/bin/../lib/gcc/arm-none-eabi/13.3.1/../../../../arm-none-eabi/lib/thumb/v7e-m+fp/hard\libc_nano.a(libc_a-init.o)
                0x08008a98                __libc_init_array
 .text.__retarget_lock_init_recursive
                0x08008ae0        0x2 C:/ST/STM32CubeIDE_1.18.1/STM32CubeIDE/plugins/com.st.stm32cube.ide.mcu.externaltools.gnu-tools-for-stm32.13.3.rel1.win32_1.0.0.202411081344/tools/bin/../lib/gcc/arm-none-eabi/13.3.1/../../../../arm-none-eabi/lib/thumb/v7e-m+fp/hard\libc_nano.a(libc_a-lock.o)
                0x08008ae0                __retarget_lock_init_recursive
 .text.__retarget_lock_acquire_recursive
                0x08008ae2        0x2 C:/ST/STM32CubeIDE_1.18.1/STM32CubeIDE/plugins/com.st.stm32cube.ide.mcu.externaltools.gnu-tools-for-stm32.13.3.rel1.win32_1.0.0.202411081344/tools/bin/../lib/gcc/arm-none-eabi/13.3.1/../../../../arm-none-eabi/lib/thumb/v7e-m+fp/hard\libc_nano.a(libc_a-lock.o)
                0x08008ae2                __retarget_lock_acquire_recursive
 .text.__retarget_lock_release_recursive
                0x08008ae4        0x2 C:/ST/STM32CubeIDE_1.18.1/STM32CubeIDE/plugins/com.st.stm32cube.ide.mcu.externaltools.gnu-tools-for-stm32.13.3.rel1.win32_1.0.0.202411081344/tools/bin/../lib/gcc/arm-none-eabi/13.3.1/../../../../arm-none-eabi/lib/thumb/v7e-m+fp/hard\libc_nano.a(libc_a-lock.o)
                0x08008ae4                __retarget_lock_release_recursive
 *fill*         0x08008ae6        0x2 
 .text._free_r  0x08008ae8       0x94 C:/ST/STM32CubeIDE_1.18.1/STM32CubeIDE/plugins/com.st.stm32cube.ide.mcu.externaltools.gnu-tools-for-stm32.13.3.rel1.win32_1.0.0.202411081344/tools/bin/../lib/gcc/arm-none-eabi/13.3.1/../../../../arm-none-eabi/lib/thumb/v7e-m+fp/hard\libc_nano.a(libc_a-freer.o)
                0x08008ae8                _free_r
 .text.sbrk_aligned
                0x08008b7c       0x44 C:/ST/STM32CubeIDE_1.18.1/STM32CubeIDE/plugins/com.st.stm32cube.ide.mcu.externaltools.gnu-tools-for-stm32.13.3.rel1.win32_1.0.0.202411081344/tools/bin/../lib/gcc/arm-none-eabi/13.3.1/../../../../arm-none-eabi/lib/thumb/v7e-m+fp/hard\libc_nano.a(libc_a-mallocr.o)
 .text._malloc_r
                0x08008bc0      0x100 C:/ST/STM32CubeIDE_1.18.1/STM32CubeIDE/plugins/com.st.stm32cube.ide.mcu.externaltools.gnu-tools-for-stm32.13.3.rel1.win32_1.0.0.202411081344/tools/bin/../lib/gcc/arm-none-eabi/13.3.1/../../../../arm-none-eabi/lib/thumb/v7e-m+fp/hard\libc_nano.a(libc_a-mallocr.o)
                0x08008bc0                _malloc_r
 .text.__malloc_lock
                0x08008cc0        0xc C:/ST/STM32CubeIDE_1.18.1/STM32CubeIDE/plugins/com.st.stm32cube.ide.mcu.externaltools.gnu-tools-for-stm32.13.3.rel1.win32_1.0.0.202411081344/tools/bin/../lib/gcc/arm-none-eabi/13.3.1/../../../../arm-none-eabi/lib/thumb/v7e-m+fp/hard\libc_nano.a(libc_a-mlock.o)
                0x08008cc0                __malloc_lock
 .text.__malloc_unlock
                0x08008ccc        0xc C:/ST/STM32CubeIDE_1.18.1/STM32CubeIDE/plugins/com.st.stm32cube.ide.mcu.externaltools.gnu-tools-for-stm32.13.3.rel1.win32_1.0.0.202411081344/tools/bin/../lib/gcc/arm-none-eabi/13.3.1/../../../../arm-none-eabi/lib/thumb/v7e-m+fp/hard\libc_nano.a(libc_a-mlock.o)
                0x08008ccc                __malloc_unlock
 .text.__sfputc_r
                0x08008cd8       0x2e C:/ST/STM32CubeIDE_1.18.1/STM32CubeIDE/plugins/com.st.stm32cube.ide.mcu.externaltools.gnu-tools-for-stm32.13.3.rel1.win32_1.0.0.202411081344/tools/bin/../lib/gcc/arm-none-eabi/13.3.1/../../../../arm-none-eabi/lib/thumb/v7e-m+fp/hard\libc_nano.a(libc_a-nano-vfprintf.o)
 .text.__sfputs_r
                0x08008d06       0x24 C:/ST/STM32CubeIDE_1.18.1/STM32CubeIDE/plugins/com.st.stm32cube.ide.mcu.externaltools.gnu-tools-for-stm32.13.3.rel1.win32_1.0.0.202411081344/tools/bin/../lib/gcc/arm-none-eabi/13.3.1/../../../../arm-none-eabi/lib/thumb/v7e-m+fp/hard\libc_nano.a(libc_a-nano-vfprintf.o)
                0x08008d06                __sfputs_r
 *fill*         0x08008d2a        0x2 
 .text._vfprintf_r
                0x08008d2c      0x230 C:/ST/STM32CubeIDE_1.18.1/STM32CubeIDE/plugins/com.st.stm32cube.ide.mcu.externaltools.gnu-tools-for-stm32.13.3.rel1.win32_1.0.0.202411081344/tools/bin/../lib/gcc/arm-none-eabi/13.3.1/../../../../arm-none-eabi/lib/thumb/v7e-m+fp/hard\libc_nano.a(libc_a-nano-vfprintf.o)
                0x08008d2c                _vfprintf_r
                0x08008d2c                _vfiprintf_r
 .text._printf_common
                0x08008f5c       0xda C:/ST/STM32CubeIDE_1.18.1/STM32CubeIDE/plugins/com.st.stm32cube.ide.mcu.externaltools.gnu-tools-for-stm32.13.3.rel1.win32_1.0.0.202411081344/tools/bin/../lib/gcc/arm-none-eabi/13.3.1/../../../../arm-none-eabi/lib/thumb/v7e-m+fp/hard\libc_nano.a(libc_a-nano-vfprintf_i.o)
                0x08008f5c                _printf_common
 *fill*         0x08009036        0x2 
 .text._printf_i
                0x08009038      0x23c C:/ST/STM32CubeIDE_1.18.1/STM32CubeIDE/plugins/com.st.stm32cube.ide.mcu.externaltools.gnu-tools-for-stm32.13.3.rel1.win32_1.0.0.202411081344/tools/bin/../lib/gcc/arm-none-eabi/13.3.1/../../../../arm-none-eabi/lib/thumb/v7e-m+fp/hard\libc_nano.a(libc_a-nano-vfprintf_i.o)
                0x08009038                _printf_i
 .text.__sflush_r
                0x08009274      0x108 C:/ST/STM32CubeIDE_1.18.1/STM32CubeIDE/plugins/com.st.stm32cube.ide.mcu.externaltools.gnu-tools-for-stm32.13.3.rel1.win32_1.0.0.202411081344/tools/bin/../lib/gcc/arm-none-eabi/13.3.1/../../../../arm-none-eabi/lib/thumb/v7e-m+fp/hard\libc_nano.a(libc_a-fflush.o)
                0x08009274                __sflush_r
 .text._fflush_r
                0x0800937c       0x50 C:/ST/STM32CubeIDE_1.18.1/STM32CubeIDE/plugins/com.st.stm32cube.ide.mcu.externaltools.gnu-tools-for-stm32.13.3.rel1.win32_1.0.0.202411081344/tools/bin/../lib/gcc/arm-none-eabi/13.3.1/../../../../arm-none-eabi/lib/thumb/v7e-m+fp/hard\libc_nano.a(libc_a-fflush.o)
                0x0800937c                _fflush_r
 .text.__swbuf_r
                0x080093cc       0x7c C:/ST/STM32CubeIDE_1.18.1/STM32CubeIDE/plugins/com.st.stm32cube.ide.mcu.externaltools.gnu-tools-for-stm32.13.3.rel1.win32_1.0.0.202411081344/tools/bin/../lib/gcc/arm-none-eabi/13.3.1/../../../../arm-none-eabi/lib/thumb/v7e-m+fp/hard\libc_nano.a(libc_a-wbuf.o)
                0x080093cc                __swbuf_r
 .text.__swsetup_r
                0x08009448       0xac C:/ST/STM32CubeIDE_1.18.1/STM32CubeIDE/plugins/com.st.stm32cube.ide.mcu.externaltools.gnu-tools-for-stm32.13.3.rel1.win32_1.0.0.202411081344/tools/bin/../lib/gcc/arm-none-eabi/13.3.1/../../../../arm-none-eabi/lib/thumb/v7e-m+fp/hard\libc_nano.a(libc_a-wsetup.o)
                0x08009448                __swsetup_r
 .text._sbrk_r  0x080094f4       0x20 C:/ST/STM32CubeIDE_1.18.1/STM32CubeIDE/plugins/com.st.stm32cube.ide.mcu.externaltools.gnu-tools-for-stm32.13.3.rel1.win32_1.0.0.202411081344/tools/bin/../lib/gcc/arm-none-eabi/13.3.1/../../../../arm-none-eabi/lib/thumb/v7e-m+fp/hard\libc_nano.a(libc_a-sbrkr.o)
                0x080094f4                _sbrk_r
 .text.__swhatbuf_r
                0x08009514       0x4c C:/ST/STM32CubeIDE_1.18.1/STM32CubeIDE/plugins/com.st.stm32cube.ide.mcu.externaltools.gnu-tools-for-stm32.13.3.rel1.win32_1.0.0.202411081344/tools/bin/../lib/gcc/arm-none-eabi/13.3.1/../../../../arm-none-eabi/lib/thumb/v7e-m+fp/hard\libc_nano.a(libc_a-makebuf.o)
                0x08009514                __swhatbuf_r
 .text.__smakebuf_r
                0x08009560       0x78 C:/ST/STM32CubeIDE_1.18.1/STM32CubeIDE/plugins/com.st.stm32cube.ide.mcu.externaltools.gnu-tools-for-stm32.13.3.rel1.win32_1.0.0.202411081344/tools/bin/../lib/gcc/arm-none-eabi/13.3.1/../../../../arm-none-eabi/lib/thumb/v7e-m+fp/hard\libc_nano.a(libc_a-makebuf.o)
                0x08009560                __smakebuf_r
 .text._fstat_r
                0x080095d8       0x24 C:/ST/STM32CubeIDE_1.18.1/STM32CubeIDE/plugins/com.st.stm32cube.ide.mcu.externaltools.gnu-tools-for-stm32.13.3.rel1.win32_1.0.0.202411081344/tools/bin/../lib/gcc/arm-none-eabi/13.3.1/../../../../arm-none-eabi/lib/thumb/v7e-m+fp/hard\libc_nano.a(libc_a-fstatr.o)
                0x080095d8                _fstat_r
 .text._isatty_r
                0x080095fc       0x20 C:/ST/STM32CubeIDE_1.18.1/STM32CubeIDE/plugins/com.st.stm32cube.ide.mcu.externaltools.gnu-tools-for-stm32.13.3.rel1.win32_1.0.0.202411081344/tools/bin/../lib/gcc/arm-none-eabi/13.3.1/../../../../arm-none-eabi/lib/thumb/v7e-m+fp/hard\libc_nano.a(libc_a-isattyr.o)
                0x080095fc                _isatty_r
 *(.glue_7)
 .glue_7        0x0800961c        0x0 linker stubs
 *(.glue_7t)
 .glue_7t       0x0800961c        0x0 linker stubs
 *(.eh_frame)
 .eh_frame      0x0800961c        0x0 C:/ST/STM32CubeIDE_1.18.1/STM32CubeIDE/plugins/com.st.stm32cube.ide.mcu.externaltools.gnu-tools-for-stm32.13.3.rel1.win32_1.0.0.202411081344/tools/bin/../lib/gcc/arm-none-eabi/13.3.1/thumb/v7e-m+fp/hard/crtbegin.o
 *(.init)
 .init          0x0800961c        0x4 C:/ST/STM32CubeIDE_1.18.1/STM32CubeIDE/plugins/com.st.stm32cube.ide.mcu.externaltools.gnu-tools-for-stm32.13.3.rel1.win32_1.0.0.202411081344/tools/bin/../lib/gcc/arm-none-eabi/13.3.1/thumb/v7e-m+fp/hard/crti.o
                0x0800961c                _init
 .init          0x08009620        0x8 C:/ST/STM32CubeIDE_1.18.1/STM32CubeIDE/plugins/com.st.stm32cube.ide.mcu.externaltools.gnu-tools-for-stm32.13.3.rel1.win32_1.0.0.202411081344/tools/bin/../lib/gcc/arm-none-eabi/13.3.1/thumb/v7e-m+fp/hard/crtn.o
 *(.fini)
 .fini          0x08009628        0x4 C:/ST/STM32CubeIDE_1.18.1/STM32CubeIDE/plugins/com.st.stm32cube.ide.mcu.externaltools.gnu-tools-for-stm32.13.3.rel1.win32_1.0.0.202411081344/tools/bin/../lib/gcc/arm-none-eabi/13.3.1/thumb/v7e-m+fp/hard/crti.o
                0x08009628                _fini
 .fini          0x0800962c        0x8 C:/ST/STM32CubeIDE_1.18.1/STM32CubeIDE/plugins/com.st.stm32cube.ide.mcu.externaltools.gnu-tools-for-stm32.13.3.rel1.win32_1.0.0.202411081344/tools/bin/../lib/gcc/arm-none-eabi/13.3.1/thumb/v7e-m+fp/hard/crtn.o
                0x08009634                        . = ALIGN (0x4)
                0x08009634                        _etext = .

.vfp11_veneer   0x08009634        0x0
 .vfp11_veneer  0x08009634        0x0 linker stubs

.v4_bx          0x08009634        0x0
 .v4_bx         0x08009634        0x0 linker stubs

.iplt           0x08009634        0x0
 .iplt          0x08009634        0x0 C:/ST/STM32CubeIDE_1.18.1/STM32CubeIDE/plugins/com.st.stm32cube.ide.mcu.externaltools.gnu-tools-for-stm32.13.3.rel1.win32_1.0.0.202411081344/tools/bin/../lib/gcc/arm-none-eabi/13.3.1/thumb/v7e-m+fp/hard/crtbegin.o

.rodata         0x08009634       0xd4
                0x08009634                        . = ALIGN (0x4)
 *(.rodata)
 .rodata        0x08009634       0x37 ./Core/Src/main1_1_4_ex1.o
 *fill*         0x0800966b        0x1 
 .rodata        0x0800966c        0x5 ./Middlewares/Third_Party/FreeRTOS/Source/tasks.o
 *fill*         0x08009671        0x3 
 .rodata        0x08009674       0x46 ./USB_DEVICE/App/usbd_desc.o
 *(.rodata*)
 *fill*         0x080096ba        0x2 
 .rodata.AHBPrescTable
                0x080096bc       0x10 ./Core/Src/system_stm32f4xx.o
                0x080096bc                AHBPrescTable
 .rodata.APBPrescTable
                0x080096cc        0x8 ./Core/Src/system_stm32f4xx.o
                0x080096cc                APBPrescTable
 .rodata._vfprintf_r.str1.1
                0x080096d4       0x33 C:/ST/STM32CubeIDE_1.18.1/STM32CubeIDE/plugins/com.st.stm32cube.ide.mcu.externaltools.gnu-tools-for-stm32.13.3.rel1.win32_1.0.0.202411081344/tools/bin/../lib/gcc/arm-none-eabi/13.3.1/../../../../arm-none-eabi/lib/thumb/v7e-m+fp/hard\libc_nano.a(libc_a-nano-vfprintf.o)
                                 0x11 (size before relaxing)
 .rodata._printf_i.str1.1
                0x08009707       0x22 C:/ST/STM32CubeIDE_1.18.1/STM32CubeIDE/plugins/com.st.stm32cube.ide.mcu.externaltools.gnu-tools-for-stm32.13.3.rel1.win32_1.0.0.202411081344/tools/bin/../lib/gcc/arm-none-eabi/13.3.1/../../../../arm-none-eabi/lib/thumb/v7e-m+fp/hard\libc_nano.a(libc_a-nano-vfprintf_i.o)
                0x0800972c                        . = ALIGN (0x4)
 *fill*         0x08009707        0x1 

.ARM.extab      0x08009708        0x0
                0x08009708                        . = ALIGN (0x4)
 *(.ARM.extab* .gnu.linkonce.armextab.*)
                0x08009708                        . = ALIGN (0x4)

.ARM            0x08009708        0x8
                0x08009708                        . = ALIGN (0x4)
                0x08009708                        __exidx_start = .
 *(.ARM.exidx*)
 .ARM.exidx     0x08009708        0x8 C:/ST/STM32CubeIDE_1.18.1/STM32CubeIDE/plugins/com.st.stm32cube.ide.mcu.externaltools.gnu-tools-for-stm32.13.3.rel1.win32_1.0.0.202411081344/tools/bin/../lib/gcc/arm-none-eabi/13.3.1/../../../../arm-none-eabi/lib/thumb/v7e-m+fp/hard\libc_nano.a(libc_a-memchr.o)
 .ARM.exidx     0x08009710        0x0 C:/ST/STM32CubeIDE_1.18.1/STM32CubeIDE/plugins/com.st.stm32cube.ide.mcu.externaltools.gnu-tools-for-stm32.13.3.rel1.win32_1.0.0.202411081344/tools/bin/../lib/gcc/arm-none-eabi/13.3.1/thumb/v7e-m+fp/hard\libgcc.a(_udivmoddi4.o)
                                  0x8 (size before relaxing)
                0x08009710                        __exidx_end = .
                0x08009710                        . = ALIGN (0x4)

.preinit_array  0x08009710        0x0
                0x08009710                        . = ALIGN (0x4)
                0x08009710                        PROVIDE (__preinit_array_start = .)
 *(.preinit_array*)
                0x08009710                        PROVIDE (__preinit_array_end = .)
                0x08009710                        . = ALIGN (0x4)

.init_array     0x08009710        0x4
                0x08009710                        . = ALIGN (0x4)
                0x08009710                        PROVIDE (__init_array_start = .)
 *(SORT_BY_NAME(.init_array.*))
 *(.init_array*)
 .init_array    0x08009710        0x4 C:/ST/STM32CubeIDE_1.18.1/STM32CubeIDE/plugins/com.st.stm32cube.ide.mcu.externaltools.gnu-tools-for-stm32.13.3.rel1.win32_1.0.0.202411081344/tools/bin/../lib/gcc/arm-none-eabi/13.3.1/thumb/v7e-m+fp/hard/crtbegin.o
                0x08009714                        PROVIDE (__init_array_end = .)
                0x08009714                        . = ALIGN (0x4)

.fini_array     0x08009714        0x4
                0x08009714                        . = ALIGN (0x4)
                [!provide]                        PROVIDE (__fini_array_start = .)
 *(SORT_BY_NAME(.fini_array.*))
 *(.fini_array*)
 .fini_array    0x08009714        0x4 C:/ST/STM32CubeIDE_1.18.1/STM32CubeIDE/plugins/com.st.stm32cube.ide.mcu.externaltools.gnu-tools-for-stm32.13.3.rel1.win32_1.0.0.202411081344/tools/bin/../lib/gcc/arm-none-eabi/13.3.1/thumb/v7e-m+fp/hard/crtbegin.o
                [!provide]                        PROVIDE (__fini_array_end = .)
                0x08009718                        . = ALIGN (0x4)
                0x08009718                        _sidata = LOADADDR (.data)

.rel.dyn        0x08009718        0x0
 .rel.iplt      0x08009718        0x0 C:/ST/STM32CubeIDE_1.18.1/STM32CubeIDE/plugins/com.st.stm32cube.ide.mcu.externaltools.gnu-tools-for-stm32.13.3.rel1.win32_1.0.0.202411081344/tools/bin/../lib/gcc/arm-none-eabi/13.3.1/thumb/v7e-m+fp/hard/crtbegin.o

.data           0x20000000      0x15c load address 0x08009718
                0x20000000                        . = ALIGN (0x4)
                0x20000000                        _sdata = .
 *(.data)
 *(.data*)
 .data.SystemCoreClock
                0x20000000        0x4 ./Core/Src/system_stm32f4xx.o
                0x20000000                SystemCoreClock
 .data.uwTickPrio
                0x20000004        0x4 ./Drivers/STM32F4xx_HAL_Driver/Src/stm32f4xx_hal.o
                0x20000004                uwTickPrio
 .data.uwTickFreq
                0x20000008        0x1 ./Drivers/STM32F4xx_HAL_Driver/Src/stm32f4xx_hal.o
                0x20000008                uwTickFreq
 *fill*         0x20000009        0x3 
 .data.USBD_CDC_DeviceQualifierDesc
                0x2000000c        0xa ./Middlewares/ST/STM32_USB_Device_Library/Class/CDC/Src/usbd_cdc.o
 *fill*         0x20000016        0x2 
 .data.USBD_CDC
                0x20000018       0x38 ./Middlewares/ST/STM32_USB_Device_Library/Class/CDC/Src/usbd_cdc.o
                0x20000018                USBD_CDC
 .data.USBD_CDC_CfgDesc
                0x20000050       0x43 ./Middlewares/ST/STM32_USB_Device_Library/Class/CDC/Src/usbd_cdc.o
 .data.CDCInEpAdd
                0x20000093        0x1 ./Middlewares/ST/STM32_USB_Device_Library/Class/CDC/Src/usbd_cdc.o
 .data.CDCOutEpAdd
                0x20000094        0x1 ./Middlewares/ST/STM32_USB_Device_Library/Class/CDC/Src/usbd_cdc.o
 .data.CDCCmdEpAdd
                0x20000095        0x1 ./Middlewares/ST/STM32_USB_Device_Library/Class/CDC/Src/usbd_cdc.o
 *fill*         0x20000096        0x2 
 .data.uxCriticalNesting
                0x20000098        0x4 ./Middlewares/Third_Party/FreeRTOS/Source/portable/GCC/ARM_CM4F/port.o
 .data.USBD_Interface_fops_FS
                0x2000009c       0x14 ./USB_DEVICE/App/usbd_cdc_if.o
                0x2000009c                USBD_Interface_fops_FS
 .data.FS_Desc  0x200000b0       0x1c ./USB_DEVICE/App/usbd_desc.o
                0x200000b0                FS_Desc
 .data.USBD_FS_DeviceDesc
                0x200000cc       0x12 ./USB_DEVICE/App/usbd_desc.o
                0x200000cc                USBD_FS_DeviceDesc
 *fill*         0x200000de        0x2 
 .data.USBD_LangIDDesc
                0x200000e0        0x4 ./USB_DEVICE/App/usbd_desc.o
                0x200000e0                USBD_LangIDDesc
 .data.USBD_StringSerial
                0x200000e4       0x1a ./USB_DEVICE/App/usbd_desc.o
                0x200000e4                USBD_StringSerial
 *fill*         0x200000fe        0x2 
 .data.__sglue  0x20000100        0xc C:/ST/STM32CubeIDE_1.18.1/STM32CubeIDE/plugins/com.st.stm32cube.ide.mcu.externaltools.gnu-tools-for-stm32.13.3.rel1.win32_1.0.0.202411081344/tools/bin/../lib/gcc/arm-none-eabi/13.3.1/../../../../arm-none-eabi/lib/thumb/v7e-m+fp/hard\libc_nano.a(libc_a-findfp.o)
                0x20000100                __sglue
 .data._impure_ptr
                0x2000010c        0x4 C:/ST/STM32CubeIDE_1.18.1/STM32CubeIDE/plugins/com.st.stm32cube.ide.mcu.externaltools.gnu-tools-for-stm32.13.3.rel1.win32_1.0.0.202411081344/tools/bin/../lib/gcc/arm-none-eabi/13.3.1/../../../../arm-none-eabi/lib/thumb/v7e-m+fp/hard\libc_nano.a(libc_a-impure.o)
                0x2000010c                _impure_ptr
 .data._impure_data
                0x20000110       0x4c C:/ST/STM32CubeIDE_1.18.1/STM32CubeIDE/plugins/com.st.stm32cube.ide.mcu.externaltools.gnu-tools-for-stm32.13.3.rel1.win32_1.0.0.202411081344/tools/bin/../lib/gcc/arm-none-eabi/13.3.1/../../../../arm-none-eabi/lib/thumb/v7e-m+fp/hard\libc_nano.a(libc_a-impure.o)
                0x20000110                _impure_data
 *(.RamFunc)
 *(.RamFunc*)
                0x2000015c                        . = ALIGN (0x4)
                0x2000015c                        _edata = .

.igot.plt       0x2000015c        0x0 load address 0x08009874
 .igot.plt      0x2000015c        0x0 C:/ST/STM32CubeIDE_1.18.1/STM32CubeIDE/plugins/com.st.stm32cube.ide.mcu.externaltools.gnu-tools-for-stm32.13.3.rel1.win32_1.0.0.202411081344/tools/bin/../lib/gcc/arm-none-eabi/13.3.1/thumb/v7e-m+fp/hard/crtbegin.o
                0x2000015c                        . = ALIGN (0x4)

.bss            0x2000015c     0x5d98 load address 0x08009874
                0x2000015c                        _sbss = .
                0x2000015c                        __bss_start__ = _sbss
 *(.bss)
 .bss           0x2000015c       0x1c C:/ST/STM32CubeIDE_1.18.1/STM32CubeIDE/plugins/com.st.stm32cube.ide.mcu.externaltools.gnu-tools-for-stm32.13.3.rel1.win32_1.0.0.202411081344/tools/bin/../lib/gcc/arm-none-eabi/13.3.1/thumb/v7e-m+fp/hard/crtbegin.o
 *(.bss*)
 .bss.xIdleTaskTCBBuffer
                0x20000178       0xa0 ./Core/Src/freertos.o
 .bss.xIdleStack
                0x20000218      0x200 ./Core/Src/freertos.o
 .bss.vTask1_id
                0x20000418        0x4 ./Core/Src/main1_1_4_ex1.o
                0x20000418                vTask1_id
 .bss.vTask2_id
                0x2000041c        0x4 ./Core/Src/main1_1_4_ex1.o
                0x2000041c                vTask2_id
 .bss.htim4     0x20000420       0x48 ./Core/Src/stm32f4xx_hal_timebase_tim.o
                0x20000420                htim4
 .bss.__sbrk_heap_end
                0x20000468        0x4 ./Core/Src/sysmem.o
 .bss.uwTick    0x2000046c        0x4 ./Drivers/STM32F4xx_HAL_Driver/Src/stm32f4xx_hal.o
                0x2000046c                uwTick
 .bss.cfgidx.0  0x20000470        0x1 ./Middlewares/ST/STM32_USB_Device_Library/Core/Src/usbd_ctlreq.o
 *fill*         0x20000471        0x3 
 .bss.pxCurrentTCB
                0x20000474        0x4 ./Middlewares/Third_Party/FreeRTOS/Source/tasks.o
                0x20000474                pxCurrentTCB
 .bss.pxReadyTasksLists
                0x20000478       0x8c ./Middlewares/Third_Party/FreeRTOS/Source/tasks.o
 .bss.xDelayedTaskList1
                0x20000504       0x14 ./Middlewares/Third_Party/FreeRTOS/Source/tasks.o
 .bss.xDelayedTaskList2
                0x20000518       0x14 ./Middlewares/Third_Party/FreeRTOS/Source/tasks.o
 .bss.pxDelayedTaskList
                0x2000052c        0x4 ./Middlewares/Third_Party/FreeRTOS/Source/tasks.o
 .bss.pxOverflowDelayedTaskList
                0x20000530        0x4 ./Middlewares/Third_Party/FreeRTOS/Source/tasks.o
 .bss.xPendingReadyList
                0x20000534       0x14 ./Middlewares/Third_Party/FreeRTOS/Source/tasks.o
 .bss.xTasksWaitingTermination
                0x20000548       0x14 ./Middlewares/Third_Party/FreeRTOS/Source/tasks.o
 .bss.uxDeletedTasksWaitingCleanUp
                0x2000055c        0x4 ./Middlewares/Third_Party/FreeRTOS/Source/tasks.o
 .bss.xSuspendedTaskList
                0x20000560       0x14 ./Middlewares/Third_Party/FreeRTOS/Source/tasks.o
 .bss.uxCurrentNumberOfTasks
                0x20000574        0x4 ./Middlewares/Third_Party/FreeRTOS/Source/tasks.o
 .bss.xTickCount
                0x20000578        0x4 ./Middlewares/Third_Party/FreeRTOS/Source/tasks.o
 .bss.uxTopReadyPriority
                0x2000057c        0x4 ./Middlewares/Third_Party/FreeRTOS/Source/tasks.o
 .bss.xSchedulerRunning
                0x20000580        0x4 ./Middlewares/Third_Party/FreeRTOS/Source/tasks.o
 .bss.xPendedTicks
                0x20000584        0x4 ./Middlewares/Third_Party/FreeRTOS/Source/tasks.o
 .bss.xYieldPending
                0x20000588        0x4 ./Middlewares/Third_Party/FreeRTOS/Source/tasks.o
 .bss.xNumOfOverflows
                0x2000058c        0x4 ./Middlewares/Third_Party/FreeRTOS/Source/tasks.o
 .bss.uxTaskNumber
                0x20000590        0x4 ./Middlewares/Third_Party/FreeRTOS/Source/tasks.o
 .bss.xNextTaskUnblockTime
                0x20000594        0x4 ./Middlewares/Third_Party/FreeRTOS/Source/tasks.o
 .bss.xIdleTaskHandle
                0x20000598        0x4 ./Middlewares/Third_Party/FreeRTOS/Source/tasks.o
 .bss.uxSchedulerSuspended
                0x2000059c        0x4 ./Middlewares/Third_Party/FreeRTOS/Source/tasks.o
 .bss.ucMaxSysCallPriority
                0x200005a0        0x1 ./Middlewares/Third_Party/FreeRTOS/Source/portable/GCC/ARM_CM4F/port.o
 *fill*         0x200005a1        0x3 
 .bss.ulMaxPRIGROUPValue
                0x200005a4        0x4 ./Middlewares/Third_Party/FreeRTOS/Source/portable/GCC/ARM_CM4F/port.o
 .bss.ucHeap    0x200005a8     0x3c00 ./Middlewares/Third_Party/FreeRTOS/Source/portable/MemMang/heap_4.o
 .bss.xStart    0x200041a8        0x8 ./Middlewares/Third_Party/FreeRTOS/Source/portable/MemMang/heap_4.o
 .bss.pxEnd     0x200041b0        0x4 ./Middlewares/Third_Party/FreeRTOS/Source/portable/MemMang/heap_4.o
 .bss.xFreeBytesRemaining
                0x200041b4        0x4 ./Middlewares/Third_Party/FreeRTOS/Source/portable/MemMang/heap_4.o
 .bss.xMinimumEverFreeBytesRemaining
                0x200041b8        0x4 ./Middlewares/Third_Party/FreeRTOS/Source/portable/MemMang/heap_4.o
 .bss.xNumberOfSuccessfulAllocations
                0x200041bc        0x4 ./Middlewares/Third_Party/FreeRTOS/Source/portable/MemMang/heap_4.o
 .bss.xNumberOfSuccessfulFrees
                0x200041c0        0x4 ./Middlewares/Third_Party/FreeRTOS/Source/portable/MemMang/heap_4.o
 .bss.xBlockAllocatedBit
                0x200041c4        0x4 ./Middlewares/Third_Party/FreeRTOS/Source/portable/MemMang/heap_4.o
 .bss.hUsbDeviceFS
                0x200041c8      0x2dc ./USB_DEVICE/App/usb_device.o
                0x200041c8                hUsbDeviceFS
 .bss.UserRxBufferFS
                0x200044a4      0x800 ./USB_DEVICE/App/usbd_cdc_if.o
                0x200044a4                UserRxBufferFS
 .bss.UserTxBufferFS
                0x20004ca4      0x800 ./USB_DEVICE/App/usbd_cdc_if.o
                0x20004ca4                UserTxBufferFS
 .bss.USBD_StrDesc
                0x200054a4      0x200 ./USB_DEVICE/App/usbd_desc.o
                0x200054a4                USBD_StrDesc
 .bss.hpcd_USB_OTG_FS
                0x200056a4      0x4e4 ./USB_DEVICE/Target/usbd_conf.o
                0x200056a4                hpcd_USB_OTG_FS
 .bss.mem.0     0x20005b88      0x220 ./USB_DEVICE/Target/usbd_conf.o
 .bss.__sf      0x20005da8      0x138 C:/ST/STM32CubeIDE_1.18.1/STM32CubeIDE/plugins/com.st.stm32cube.ide.mcu.externaltools.gnu-tools-for-stm32.13.3.rel1.win32_1.0.0.202411081344/tools/bin/../lib/gcc/arm-none-eabi/13.3.1/../../../../arm-none-eabi/lib/thumb/v7e-m+fp/hard\libc_nano.a(libc_a-findfp.o)
                0x20005da8                __sf
 .bss.__stdio_exit_handler
                0x20005ee0        0x4 C:/ST/STM32CubeIDE_1.18.1/STM32CubeIDE/plugins/com.st.stm32cube.ide.mcu.externaltools.gnu-tools-for-stm32.13.3.rel1.win32_1.0.0.202411081344/tools/bin/../lib/gcc/arm-none-eabi/13.3.1/../../../../arm-none-eabi/lib/thumb/v7e-m+fp/hard\libc_nano.a(libc_a-findfp.o)
                0x20005ee0                __stdio_exit_handler
 .bss.errno     0x20005ee4        0x4 C:/ST/STM32CubeIDE_1.18.1/STM32CubeIDE/plugins/com.st.stm32cube.ide.mcu.externaltools.gnu-tools-for-stm32.13.3.rel1.win32_1.0.0.202411081344/tools/bin/../lib/gcc/arm-none-eabi/13.3.1/../../../../arm-none-eabi/lib/thumb/v7e-m+fp/hard\libc_nano.a(libc_a-reent.o)
                0x20005ee4                errno
 .bss.__lock___malloc_recursive_mutex
                0x20005ee8        0x1 C:/ST/STM32CubeIDE_1.18.1/STM32CubeIDE/plugins/com.st.stm32cube.ide.mcu.externaltools.gnu-tools-for-stm32.13.3.rel1.win32_1.0.0.202411081344/tools/bin/../lib/gcc/arm-none-eabi/13.3.1/../../../../arm-none-eabi/lib/thumb/v7e-m+fp/hard\libc_nano.a(libc_a-lock.o)
                0x20005ee8                __lock___malloc_recursive_mutex
 .bss.__lock___sfp_recursive_mutex
                0x20005ee9        0x1 C:/ST/STM32CubeIDE_1.18.1/STM32CubeIDE/plugins/com.st.stm32cube.ide.mcu.externaltools.gnu-tools-for-stm32.13.3.rel1.win32_1.0.0.202411081344/tools/bin/../lib/gcc/arm-none-eabi/13.3.1/../../../../arm-none-eabi/lib/thumb/v7e-m+fp/hard\libc_nano.a(libc_a-lock.o)
                0x20005ee9                __lock___sfp_recursive_mutex
 *fill*         0x20005eea        0x2 
 .bss.__malloc_sbrk_start
                0x20005eec        0x4 C:/ST/STM32CubeIDE_1.18.1/STM32CubeIDE/plugins/com.st.stm32cube.ide.mcu.externaltools.gnu-tools-for-stm32.13.3.rel1.win32_1.0.0.202411081344/tools/bin/../lib/gcc/arm-none-eabi/13.3.1/../../../../arm-none-eabi/lib/thumb/v7e-m+fp/hard\libc_nano.a(libc_a-mallocr.o)
                0x20005eec                __malloc_sbrk_start
 .bss.__malloc_free_list
                0x20005ef0        0x4 C:/ST/STM32CubeIDE_1.18.1/STM32CubeIDE/plugins/com.st.stm32cube.ide.mcu.externaltools.gnu-tools-for-stm32.13.3.rel1.win32_1.0.0.202411081344/tools/bin/../lib/gcc/arm-none-eabi/13.3.1/../../../../arm-none-eabi/lib/thumb/v7e-m+fp/hard\libc_nano.a(libc_a-mallocr.o)
                0x20005ef0                __malloc_free_list
 *(COMMON)
                0x20005ef4                        . = ALIGN (0x4)
                0x20005ef4                        _ebss = .
                0x20005ef4                        __bss_end__ = _ebss

._user_heap_stack
                0x20005ef4      0x604 load address 0x08009874
                0x20005ef8                        . = ALIGN (0x8)
 *fill*         0x20005ef4        0x4 
                [!provide]                        PROVIDE (end = .)
                0x20005ef8                        PROVIDE (_end = .)
                0x200060f8                        . = (. + _Min_Heap_Size)
 *fill*         0x20005ef8      0x200 
                0x200064f8                        . = (. + _Min_Stack_Size)
 *fill*         0x200060f8      0x400 
                0x200064f8                        . = ALIGN (0x8)

/DISCARD/
 libc.a(*)
 libm.a(*)
 libgcc.a(*)

.ARM.attributes
                0x00000000       0x30
 *(.ARM.attributes)
 .ARM.attributes
                0x00000000       0x22 C:/ST/STM32CubeIDE_1.18.1/STM32CubeIDE/plugins/com.st.stm32cube.ide.mcu.externaltools.gnu-tools-for-stm32.13.3.rel1.win32_1.0.0.202411081344/tools/bin/../lib/gcc/arm-none-eabi/13.3.1/thumb/v7e-m+fp/hard/crti.o
 .ARM.attributes
                0x00000022       0x34 C:/ST/STM32CubeIDE_1.18.1/STM32CubeIDE/plugins/com.st.stm32cube.ide.mcu.externaltools.gnu-tools-for-stm32.13.3.rel1.win32_1.0.0.202411081344/tools/bin/../lib/gcc/arm-none-eabi/13.3.1/thumb/v7e-m+fp/hard/crtbegin.o
 .ARM.attributes
                0x00000056       0x34 ./Core/Src/atraso.o
 .ARM.attributes
                0x0000008a       0x34 ./Core/Src/freertos.o
 .ARM.attributes
                0x000000be       0x34 ./Core/Src/main1_1_4_ex1.o
 .ARM.attributes
                0x000000f2       0x34 ./Core/Src/stm32f4xx_hal_msp.o
 .ARM.attributes
                0x00000126       0x34 ./Core/Src/stm32f4xx_hal_timebase_tim.o
 .ARM.attributes
                0x0000015a       0x34 ./Core/Src/stm32f4xx_it.o
 .ARM.attributes
                0x0000018e       0x34 ./Core/Src/syscalls.o
 .ARM.attributes
                0x000001c2       0x34 ./Core/Src/sysmem.o
 .ARM.attributes
                0x000001f6       0x34 ./Core/Src/system_stm32f4xx.o
 .ARM.attributes
                0x0000022a       0x21 ./Core/Startup/startup_stm32f411ceux.o
 .ARM.attributes
                0x0000024b       0x34 ./Drivers/STM32F4xx_HAL_Driver/Src/stm32f4xx_hal.o
 .ARM.attributes
                0x0000027f       0x34 ./Drivers/STM32F4xx_HAL_Driver/Src/stm32f4xx_hal_cortex.o
 .ARM.attributes
                0x000002b3       0x34 ./Drivers/STM32F4xx_HAL_Driver/Src/stm32f4xx_hal_gpio.o
 .ARM.attributes
                0x000002e7       0x34 ./Drivers/STM32F4xx_HAL_Driver/Src/stm32f4xx_hal_pcd.o
 .ARM.attributes
                0x0000031b       0x34 ./Drivers/STM32F4xx_HAL_Driver/Src/stm32f4xx_hal_pcd_ex.o
 .ARM.attributes
                0x0000034f       0x34 ./Drivers/STM32F4xx_HAL_Driver/Src/stm32f4xx_hal_rcc.o
 .ARM.attributes
                0x00000383       0x34 ./Drivers/STM32F4xx_HAL_Driver/Src/stm32f4xx_hal_tim.o
 .ARM.attributes
                0x000003b7       0x34 ./Drivers/STM32F4xx_HAL_Driver/Src/stm32f4xx_hal_tim_ex.o
 .ARM.attributes
                0x000003eb       0x34 ./Drivers/STM32F4xx_HAL_Driver/Src/stm32f4xx_ll_usb.o
 .ARM.attributes
                0x0000041f       0x34 ./Middlewares/ST/STM32_USB_Device_Library/Class/CDC/Src/usbd_cdc.o
 .ARM.attributes
                0x00000453       0x34 ./Middlewares/ST/STM32_USB_Device_Library/Core/Src/usbd_core.o
 .ARM.attributes
                0x00000487       0x34 ./Middlewares/ST/STM32_USB_Device_Library/Core/Src/usbd_ctlreq.o
 .ARM.attributes
                0x000004bb       0x34 ./Middlewares/ST/STM32_USB_Device_Library/Core/Src/usbd_ioreq.o
 .ARM.attributes
                0x000004ef       0x34 ./Middlewares/Third_Party/FreeRTOS/Source/list.o
 .ARM.attributes
                0x00000523       0x34 ./Middlewares/Third_Party/FreeRTOS/Source/tasks.o
 .ARM.attributes
                0x00000557       0x34 ./Middlewares/Third_Party/FreeRTOS/Source/portable/GCC/ARM_CM4F/port.o
 .ARM.attributes
                0x0000058b       0x34 ./Middlewares/Third_Party/FreeRTOS/Source/portable/MemMang/heap_4.o
 .ARM.attributes
                0x000005bf       0x34 ./USB_DEVICE/App/usb_device.o
 .ARM.attributes
                0x000005f3       0x34 ./USB_DEVICE/App/usbd_cdc_if.o
 .ARM.attributes
                0x00000627       0x34 ./USB_DEVICE/App/usbd_desc.o
 .ARM.attributes
                0x0000065b       0x34 ./USB_DEVICE/Target/usbd_conf.o
 .ARM.attributes
                0x0000068f       0x34 C:/ST/STM32CubeIDE_1.18.1/STM32CubeIDE/plugins/com.st.stm32cube.ide.mcu.externaltools.gnu-tools-for-stm32.13.3.rel1.win32_1.0.0.202411081344/tools/bin/../lib/gcc/arm-none-eabi/13.3.1/../../../../arm-none-eabi/lib/thumb/v7e-m+fp/hard\libc_nano.a(libc_a-findfp.o)
 .ARM.attributes
                0x000006c3       0x34 C:/ST/STM32CubeIDE_1.18.1/STM32CubeIDE/plugins/com.st.stm32cube.ide.mcu.externaltools.gnu-tools-for-stm32.13.3.rel1.win32_1.0.0.202411081344/tools/bin/../lib/gcc/arm-none-eabi/13.3.1/../../../../arm-none-eabi/lib/thumb/v7e-m+fp/hard\libc_nano.a(libc_a-fwalk.o)
 .ARM.attributes
                0x000006f7       0x34 C:/ST/STM32CubeIDE_1.18.1/STM32CubeIDE/plugins/com.st.stm32cube.ide.mcu.externaltools.gnu-tools-for-stm32.13.3.rel1.win32_1.0.0.202411081344/tools/bin/../lib/gcc/arm-none-eabi/13.3.1/../../../../arm-none-eabi/lib/thumb/v7e-m+fp/hard\libc_nano.a(libc_a-printf.o)
 .ARM.attributes
                0x0000072b       0x34 C:/ST/STM32CubeIDE_1.18.1/STM32CubeIDE/plugins/com.st.stm32cube.ide.mcu.externaltools.gnu-tools-for-stm32.13.3.rel1.win32_1.0.0.202411081344/tools/bin/../lib/gcc/arm-none-eabi/13.3.1/../../../../arm-none-eabi/lib/thumb/v7e-m+fp/hard\libc_nano.a(libc_a-stdio.o)
 .ARM.attributes
                0x0000075f       0x34 C:/ST/STM32CubeIDE_1.18.1/STM32CubeIDE/plugins/com.st.stm32cube.ide.mcu.externaltools.gnu-tools-for-stm32.13.3.rel1.win32_1.0.0.202411081344/tools/bin/../lib/gcc/arm-none-eabi/13.3.1/../../../../arm-none-eabi/lib/thumb/v7e-m+fp/hard\libc_nano.a(libc_a-memset.o)
 .ARM.attributes
                0x00000793       0x34 C:/ST/STM32CubeIDE_1.18.1/STM32CubeIDE/plugins/com.st.stm32cube.ide.mcu.externaltools.gnu-tools-for-stm32.13.3.rel1.win32_1.0.0.202411081344/tools/bin/../lib/gcc/arm-none-eabi/13.3.1/../../../../arm-none-eabi/lib/thumb/v7e-m+fp/hard\libc_nano.a(libc_a-closer.o)
 .ARM.attributes
                0x000007c7       0x34 C:/ST/STM32CubeIDE_1.18.1/STM32CubeIDE/plugins/com.st.stm32cube.ide.mcu.externaltools.gnu-tools-for-stm32.13.3.rel1.win32_1.0.0.202411081344/tools/bin/../lib/gcc/arm-none-eabi/13.3.1/../../../../arm-none-eabi/lib/thumb/v7e-m+fp/hard\libc_nano.a(libc_a-reent.o)
 .ARM.attributes
                0x000007fb       0x34 C:/ST/STM32CubeIDE_1.18.1/STM32CubeIDE/plugins/com.st.stm32cube.ide.mcu.externaltools.gnu-tools-for-stm32.13.3.rel1.win32_1.0.0.202411081344/tools/bin/../lib/gcc/arm-none-eabi/13.3.1/../../../../arm-none-eabi/lib/thumb/v7e-m+fp/hard\libc_nano.a(libc_a-impure.o)
 .ARM.attributes
                0x0000082f       0x34 C:/ST/STM32CubeIDE_1.18.1/STM32CubeIDE/plugins/com.st.stm32cube.ide.mcu.externaltools.gnu-tools-for-stm32.13.3.rel1.win32_1.0.0.202411081344/tools/bin/../lib/gcc/arm-none-eabi/13.3.1/../../../../arm-none-eabi/lib/thumb/v7e-m+fp/hard\libc_nano.a(libc_a-lseekr.o)
 .ARM.attributes